Archive member included because of file (symbol)

C:\Program Files/CodeSourcery/Sourcery_CodeBench_Lite_for_ARM_EABI/lib/gcc/arm-none-eabi/4.7.3/thumb2\libgcc.a(_arm_addsubdf3.o)
                              build/bsp_adc.o (__aeabi_dadd)
C:\Program Files/CodeSourcery/Sourcery_CodeBench_Lite_for_ARM_EABI/lib/gcc/arm-none-eabi/4.7.3/thumb2\libgcc.a(_arm_muldivdf3.o)
                              build/bsp_adc.o (__aeabi_dmul)
C:\Program Files/CodeSourcery/Sourcery_CodeBench_Lite_for_ARM_EABI/lib/gcc/arm-none-eabi/4.7.3/thumb2\libgcc.a(_arm_fixunsdfsi.o)
                              build/bsp_adc.o (__aeabi_d2uiz)
C:\Program Files/CodeSourcery/Sourcery_CodeBench_Lite_for_ARM_EABI/lib/gcc/arm-none-eabi/4.7.3/thumb2\libgcc.a(_arm_truncdfsf2.o)
                              build/bsp_adc.o (__aeabi_d2f)
C:\Program Files/CodeSourcery/Sourcery_CodeBench_Lite_for_ARM_EABI/lib/gcc/arm-none-eabi/4.7.3/thumb2\libgcc.a(_arm_addsubsf3.o)
                              build/bsp_adc.o (__aeabi_fsub)
C:\Program Files/CodeSourcery/Sourcery_CodeBench_Lite_for_ARM_EABI/lib/gcc/arm-none-eabi/4.7.3/thumb2\libgcc.a(_arm_muldivsf3.o)
                              build/bsp_adc.o (__aeabi_fdiv)
C:\Program Files/CodeSourcery/Sourcery_CodeBench_Lite_for_ARM_EABI/arm-none-eabi/lib/thumb2\libc.a(lib_a-gmtime.o)
                              build/fsw_filesystem.o (gmtime)
C:\Program Files/CodeSourcery/Sourcery_CodeBench_Lite_for_ARM_EABI/arm-none-eabi/lib/thumb2\libc.a(lib_a-gmtime_r.o)
                              C:\Program Files/CodeSourcery/Sourcery_CodeBench_Lite_for_ARM_EABI/arm-none-eabi/lib/thumb2\libc.a(lib_a-gmtime.o) (gmtime_r)
C:\Program Files/CodeSourcery/Sourcery_CodeBench_Lite_for_ARM_EABI/arm-none-eabi/lib/thumb2\libc.a(lib_a-impure.o)
                              C:\Program Files/CodeSourcery/Sourcery_CodeBench_Lite_for_ARM_EABI/arm-none-eabi/lib/thumb2\libc.a(lib_a-gmtime.o) (_impure_ptr)
C:\Program Files/CodeSourcery/Sourcery_CodeBench_Lite_for_ARM_EABI/arm-none-eabi/lib/thumb2\libc.a(lib_a-malloc.o)
                              build/fsw_cdh.o (malloc)
C:\Program Files/CodeSourcery/Sourcery_CodeBench_Lite_for_ARM_EABI/arm-none-eabi/lib/thumb2\libc.a(lib_a-mallocr.o)
                              C:\Program Files/CodeSourcery/Sourcery_CodeBench_Lite_for_ARM_EABI/arm-none-eabi/lib/thumb2\libc.a(lib_a-malloc.o) (_malloc_r)
C:\Program Files/CodeSourcery/Sourcery_CodeBench_Lite_for_ARM_EABI/arm-none-eabi/lib/thumb2\libc.a(lib_a-memcmp.o)
                              build/tasks.o (memcmp)
C:\Program Files/CodeSourcery/Sourcery_CodeBench_Lite_for_ARM_EABI/arm-none-eabi/lib/thumb2\libc.a(lib_a-memcpy.o)
                              build/queue.o (memcpy)
C:\Program Files/CodeSourcery/Sourcery_CodeBench_Lite_for_ARM_EABI/arm-none-eabi/lib/thumb2\libc.a(lib_a-memset.o)
                              build/bsp_ebi.o (memset)
C:\Program Files/CodeSourcery/Sourcery_CodeBench_Lite_for_ARM_EABI/arm-none-eabi/lib/thumb2\libc.a(lib_a-mktm_r.o)
                              C:\Program Files/CodeSourcery/Sourcery_CodeBench_Lite_for_ARM_EABI/arm-none-eabi/lib/thumb2\libc.a(lib_a-gmtime_r.o) (_mktm_r)
C:\Program Files/CodeSourcery/Sourcery_CodeBench_Lite_for_ARM_EABI/arm-none-eabi/lib/thumb2\libc.a(lib_a-mlock.o)
                              C:\Program Files/CodeSourcery/Sourcery_CodeBench_Lite_for_ARM_EABI/arm-none-eabi/lib/thumb2\libc.a(lib_a-mallocr.o) (__malloc_lock)
C:\Program Files/CodeSourcery/Sourcery_CodeBench_Lite_for_ARM_EABI/arm-none-eabi/lib/thumb2\libc.a(lib_a-sbrkr.o)
                              C:\Program Files/CodeSourcery/Sourcery_CodeBench_Lite_for_ARM_EABI/arm-none-eabi/lib/thumb2\libc.a(lib_a-mallocr.o) (_sbrk_r)
C:\Program Files/CodeSourcery/Sourcery_CodeBench_Lite_for_ARM_EABI/arm-none-eabi/lib/thumb2\libc.a(lib_a-sprintf.o)
                              build/fsw_filesystem.o (sprintf)
C:\Program Files/CodeSourcery/Sourcery_CodeBench_Lite_for_ARM_EABI/arm-none-eabi/lib/thumb2\libc.a(lib_a-strcpy.o)
                              build/fsw_filesystem.o (strcpy)
C:\Program Files/CodeSourcery/Sourcery_CodeBench_Lite_for_ARM_EABI/arm-none-eabi/lib/thumb2\libc.a(lib_a-strftime.o)
                              build/fsw_filesystem.o (strftime)
C:\Program Files/CodeSourcery/Sourcery_CodeBench_Lite_for_ARM_EABI/arm-none-eabi/lib/thumb2\libc.a(lib_a-strlen.o)
                              C:\Program Files/CodeSourcery/Sourcery_CodeBench_Lite_for_ARM_EABI/arm-none-eabi/lib/thumb2\libc.a(lib_a-strftime.o) (strlen)
C:\Program Files/CodeSourcery/Sourcery_CodeBench_Lite_for_ARM_EABI/arm-none-eabi/lib/thumb2\libc.a(lib_a-strtoul.o)
                              C:\Program Files/CodeSourcery/Sourcery_CodeBench_Lite_for_ARM_EABI/arm-none-eabi/lib/thumb2\libc.a(lib_a-strftime.o) (strtoul)
C:\Program Files/CodeSourcery/Sourcery_CodeBench_Lite_for_ARM_EABI/arm-none-eabi/lib/thumb2\libc.a(lib_a-svfprintf.o)
[...]
Memory Configuration

Name             Origin             Length             Attributes
rom              0x00080000         0x00080000         xr
ram              0x88000000         0x00020000         xrw
*default*        0x00000000         0xffffffff

Linker script and memory map

LOAD c:/program files/codesourcery/sourcery_codebench_lite_for_arm_eabi/bin/../lib/gcc/arm-none-eabi/4.7.3/thumb2/crti.o
LOAD c:/program files/codesourcery/sourcery_codebench_lite_for_arm_eabi/bin/../lib/gcc/arm-none-eabi/4.7.3/thumb2/crtbegin.o
LOAD build/system_efm32gg.o
LOAD build/em_system.o
LOAD build/em_adc.o
LOAD build/em_assert.o
LOAD build/em_cmu.o
LOAD build/em_dma.o
LOAD build/em_ebi.o
LOAD build/em_emu.o
LOAD build/em_gpio.o
LOAD build/em_i2c.o
LOAD build/em_rtc.o
LOAD build/em_usart.o
LOAD build/em_wdog.o
LOAD build/em_acmp.o
LOAD build/bsp_acmp.o
LOAD build/bsp_uart.o
LOAD build/bsp_rtc.o
LOAD build/bsp_wdg.o
LOAD build/bsp_adc.o
LOAD build/bsp_dma.o
LOAD build/bsp_i2c.o
LOAD build/bsp_ebi.o
LOAD build/lld.o
LOAD build/ff.o
LOAD build/diskio.o
LOAD build/microsd.o
LOAD build/list.o
LOAD build/queue.o
LOAD build/tasks.o
LOAD build/timers.o
LOAD build/heap_4.o
LOAD build/port.o
LOAD build/fsw_adcs.o
LOAD build/fsw_cdh.o
LOAD build/fsw_comm.o
LOAD build/fsw_filesystem.o
LOAD build/fsw_healthandhousekeeping.o
LOAD build/fsw_payload.o
LOAD build/fsw_power.o
LOAD build/fsw_modes.o
LOAD build/z_HILcomm.o
LOAD build/background.o
LOAD build/comms.o
LOAD build/tests.o
LOAD build/main.o
LOAD build/startup_efm32gg.o
START GROUP
LOAD C:\Program Files/CodeSourcery/Sourcery_CodeBench_Lite_for_ARM_EABI/lib/gcc/arm-none-eabi/4.7.3/thumb2\libgcc.a
LOAD C:\Program Files/CodeSourcery/Sourcery_CodeBench_Lite_for_ARM_EABI/arm-none-eabi/lib/thumb2\libc.a
LOAD C:\Program Files/CodeSourcery/Sourcery_CodeBench_Lite_for_ARM_EABI/arm-none-eabi/lib/thumb2\libcs3.a
LOAD C:\Program Files/CodeSourcery/Sourcery_CodeBench_Lite_for_ARM_EABI/arm-none-eabi/lib/thumb2\libcs3unhosted.a
END GROUP
START GROUP
LOAD C:\Program Files/CodeSourcery/Sourcery_CodeBench_Lite_for_ARM_EABI/lib/gcc/arm-none-eabi/4.7.3/thumb2\libgcc.a
LOAD C:\Program Files/CodeSourcery/Sourcery_CodeBench_Lite_for_ARM_EABI/arm-none-eabi/lib/thumb2\libc.a
END GROUP
LOAD c:/program files/codesourcery/sourcery_codebench_lite_for_arm_eabi/bin/../lib/gcc/arm-none-eabi/4.7.3/thumb2/crtend.o
LOAD c:/program files/codesourcery/sourcery_codebench_lite_for_arm_eabi/bin/../lib/gcc/arm-none-eabi/4.7.3/thumb2/crtn.o
                0x880096e8                PROVIDE (__cs3_heap_start, _end)
                0x88020000                PROVIDE (__cs3_heap_end, (__cs3_region_start_ram + __cs3_region_size_ram))
                0x00000001                PROVIDE (__cs3_region_num, ((__cs3_regions_end - __cs3_regions) / 0x14))
                0x88020000                PROVIDE (__cs3_stack, (__cs3_region_start_ram + __cs3_region_size_ram))

.text           0x00080000    0x1471c
 CREATE_OBJECT_SYMBOLS
                0x00080000                __cs3_region_start_rom = .
 *(.cs3.region-head.rom)
                0x00000001                ASSERT ((. == __cs3_region_start_rom), .cs3.region-head.rom not permitted)
                0x00080000                __cs3_interrupt_vector = __cs3_interrupt_vector_em
 *(.cs3.interrupt_vector)
 .cs3.interrupt_vector
                0x00080000       0xdc build/startup_efm32gg.o
                0x00080000                __cs3_interrupt_vector_em
                0x00000001                ASSERT ((. != __cs3_interrupt_vector_em), No interrupt vector)
                0x000800dc                PROVIDE (__cs3_reset, __cs3_reset_em)
 *(.cs3.reset)
 .cs3.reset     0x000800dc       0x14 build/startup_efm32gg.o
                0x000800dc                __cs3_reset_em
                0x000800ec                DebugMon_Handler
                0x000800ec                USART0_TX_IRQHandler
                0x000800ec                HardFault_Handler
                0x000800ec                LEUART1_IRQHandler
                0x000800ec                USART1_RX_IRQHandler
                0x000800ec                NMI_Handler
                0x000800ec                I2C1_IRQHandler
                0x000800ec                _IRQHandlerinterrupt
                0x000800ec                Reserved9_Handler
                0x000800ec                Reserved7_Handler
                0x000800ec                TIMER3_IRQHandler
                0x000800ec                USART1_TX_IRQHandler
                0x000800ec                MSC_IRQHandler
                0x000800ec                UsageFault_Handler
                0x000800ec                LEUART0_IRQHandler
                0x000800ec                UART0_TX_IRQHandler
                0x000800ec                UART1_TX_IRQHandler
                0x000800ec                TIMER0_IRQHandler
                0x000800ec                LCD_IRQHandler
                0x000800ec                PCNT2_IRQHandler
                0x000800ec                UART0_RX_IRQHandler
                0x000800ec                LETIMER0_IRQHandler
                0x000800ec                Reserved10_Handler
                0x000800ec                TIMER1_IRQHandler
                0x000800ec                Reserved8_Handler
                0x000800ec                USART2_RX_IRQHandler
                0x000800ec                EMU_IRQHandler
                0x000800ec                PCNT0_IRQHandler
                0x000800ec                USB_IRQHandler
                0x000800ec                BURTC_IRQHandler
                0x000800ec                PCNT1_IRQHandler
                0x000800ec                MemManage_Handler
                0x000800ec                DAC0_IRQHandler
                0x000800ec                UART1_RX_IRQHandler
                0x000800ec                Reserved13_Handler
                0x000800ec                CMU_IRQHandler
                0x000800ec                EBI_IRQHandler
                0x000800ec                LESENSE_IRQHandler
                0x000800ec                GPIO_ODD_IRQHandler
                0x000800ec                AES_IRQHandler
                0x000800ec                VCMP_IRQHandler
                0x000800ec                BusFault_Handler
                0x000800ec                TIMER2_IRQHandler
                0x000800ec                USART2_TX_IRQHandler
                0x00080148                PROVIDE (__cs3_start_asm, _start)
 *(.text.cs3.init)
 .text.cs3.init
                0x000800f0       0x58 C:\Program Files/CodeSourcery/Sourcery_CodeBench_Lite_for_ARM_EABI/arm-none-eabi/lib/thumb2\libcs3.a(start_c.o)
                0x000800f0                __cs3_start_c
 .text.cs3.init
                0x00080148       0x10 C:\Program Files/CodeSourcery/Sourcery_CodeBench_Lite_for_ARM_EABI/arm-none-eabi/lib/thumb2\libcs3unhosted.a(unhosted-start.o)
                0x00080148                _start
 *(.text .text.* .gnu.linkonce.t.*)
 .text          0x00080158       0xc8 c:/program files/codesourcery/sourcery_codebench_lite_for_arm_eabi/bin/../lib/gcc/arm-none-eabi/4.7.3/thumb2/crtbegin.o
 .text.SystemCoreClockGet
                0x00080220       0x48 build/system_efm32gg.o
                0x00080220                SystemCoreClockGet
 .text.SystemHFClockGet
                0x00080268       0xc4 build/system_efm32gg.o
                0x00080268                SystemHFClockGet
 .text.SystemHFXOClockGet
                0x0008032c        0xc build/system_efm32gg.o
                0x0008032c                SystemHFXOClockGet
 .text.SystemInit
                0x00080338        0x4 build/system_efm32gg.o
                0x00080338                SystemInit
 .text.SystemLFRCOClockGet
                0x0008033c        0x8 build/system_efm32gg.o
                0x0008033c                SystemLFRCOClockGet
 .text.SystemULFRCOClockGet
                0x00080344        0x8 build/system_efm32gg.o
                0x00080344                SystemULFRCOClockGet
 .text.SystemLFXOClockGet
                0x0008034c        0xc build/system_efm32gg.o
                0x0008034c                SystemLFXOClockGet
 .text.SYSTEM_ChipRevisionGet
                0x00080358       0x60 build/em_system.o
                0x00080358                SYSTEM_ChipRevisionGet
 .text.ADC_CalibrateLoadScan
                0x000803b8      0x148 build/em_adc.o
 .text.ADC_CalibrateLoadSingle
                0x00080500      0x144 build/em_adc.o
 .text.ADC_Init
                0x00080644       0x7c build/em_adc.o
                0x00080644                ADC_Init
 .text.ADC_InitScan
                0x000806c0       0xb0 build/em_adc.o
                0x000806c0                ADC_InitScan
 .text.ADC_InitSingle
                0x00080770       0xb4 build/em_adc.o
                0x00080770                ADC_InitSingle
 .text.ADC_PrescaleCalc
                0x00080824       0x68 build/em_adc.o
                0x00080824                ADC_PrescaleCalc
 .text.ADC_TimebaseCalc
                0x0008088c       0x64 build/em_adc.o
                0x0008088c                ADC_TimebaseCalc
 .text.assertEFM
                0x000808f0        0x8 build/em_assert.o
                0x000808f0                assertEFM
 .text.BITBAND_Peripheral
                0x000808f8       0x28 build/em_cmu.o
 .text.CMU_FlashWaitStateMax
                0x00080920       0x54 build/em_cmu.o
 .text.CMU_Log2ToDiv
                0x00080974       0x14 build/em_cmu.o
 .text.CMU_FlashWaitStateControl
                0x00080988       0xcc build/em_cmu.o
 .text.CMU_AUXClkGet
                0x00080a54       0x84 build/em_cmu.o
 .text.CMU_DBGClkGet
                0x00080ad8       0x6c build/em_cmu.o
 .text.CMU_LFClkGet
                0x00080b44       0xcc build/em_cmu.o
 .text.CMU_Sync
                0x00080c10       0x2c build/em_cmu.o
 .text.CMU_ClockDivGet
                0x00080c3c      0x168 build/em_cmu.o
                0x00080c3c                CMU_ClockDivGet
 .text.CMU_ClockEnable
                0x00080da4      0x11c build/em_cmu.o
                0x00080da4                CMU_ClockEnable
 .text.CMU_ClockFreqGet
                0x00080ec0      0x1ac build/em_cmu.o
                0x00080ec0                CMU_ClockFreqGet
 .text.CMU_ClockSelectGet
                0x0008106c      0x168 build/em_cmu.o
                0x0008106c                CMU_ClockSelectGet
 .text.CMU_ClockSelectSet
                0x000811d4      0x2c0 build/em_cmu.o
                0x000811d4                CMU_ClockSelectSet
 .text.CMU_OscillatorEnable
                0x00081494       0xec build/em_cmu.o
                0x00081494                CMU_OscillatorEnable
 .text.NVIC_EnableIRQ
                0x00081580       0x30 build/em_dma.o
 .text.NVIC_DisableIRQ
                0x000815b0       0x34 build/em_dma.o
 .text.NVIC_ClearPendingIRQ
                0x000815e4       0x34 build/em_dma.o
 .text.BITBAND_Peripheral
                0x00081618       0x28 build/em_dma.o
 .text.DMA_Prepare
                0x00081640      0x11c build/em_dma.o
 .text.DMA_IRQHandler
                0x0008175c       0xf0 build/em_dma.o
                0x0008175c                DMA_IRQHandler
 .text.DMA_ActivateBasic
                0x0008184c       0x70 build/em_dma.o
                0x0008184c                DMA_ActivateBasic
 .text.DMA_CfgChannel
                0x000818bc       0xbc build/em_dma.o
                0x000818bc                DMA_CfgChannel
 .text.DMA_CfgDescr
                0x00081978       0x9c build/em_dma.o
                0x00081978                DMA_CfgDescr
 .text.DMA_Init
                0x00081a14       0x80 build/em_dma.o
                0x00081a14                DMA_Init
 .text.DMA_Reset
                0x00081a94       0x94 build/em_dma.o
                0x00081a94                DMA_Reset
 .text.EMU_UpdateOscConfig
                0x00081b28       0x14 build/em_emu.o
                0x00081b28                EMU_UpdateOscConfig
 .text.GPIO_PinModeSet
                0x00081b3c      0x1b0 build/em_gpio.o
                0x00081b3c                GPIO_PinModeSet
 .text.BITBAND_Peripheral
                0x00081cec       0x28 build/em_i2c.o
 .text.I2C_BusFreqSet
                0x00081d14       0xd8 build/em_i2c.o
                0x00081d14                I2C_BusFreqSet
 .text.I2C_Init
                0x00081dec       0x80 build/em_i2c.o
                0x00081dec                I2C_Init
 .text.RTC_CompareSet
                0x00081e6c       0x54 build/em_rtc.o
                0x00081e6c                RTC_CompareSet
 .text.RTC_Init
                0x00081ec0       0x48 build/em_rtc.o
                0x00081ec0                RTC_Init
 .text.USART_BaudrateAsyncSet
                0x00081f08      0x158 build/em_usart.o
                0x00081f08                USART_BaudrateAsyncSet
 .text.USART_BaudrateSyncSet
                0x00082060       0x98 build/em_usart.o
                0x00082060                USART_BaudrateSyncSet
 .text.USART_InitAsync
                0x000820f8       0xbc build/em_usart.o
                0x000820f8                USART_InitAsync
 .text.USART_InitSync
                0x000821b4       0xd8 build/em_usart.o
                0x000821b4                USART_InitSync
 .text.USART_Reset
                0x0008228c       0xc4 build/em_usart.o
                0x0008228c                USART_Reset
 .text.USART_SpiTransfer
                0x00082350       0x3c build/em_usart.o
                0x00082350                USART_SpiTransfer
 .text.BITBAND_Peripheral
                0x0008238c       0x28 build/em_wdog.o
 .text.WDOG_Enable
                0x000823b4       0x40 build/em_wdog.o
                0x000823b4                WDOG_Enable
 .text.WDOG_Init
                0x000823f4       0xc4 build/em_wdog.o
                0x000823f4                WDOG_Init
 .text.WDOG_Lock
                0x000824b8       0x24 build/em_wdog.o
                0x000824b8                WDOG_Lock
 .text.NVIC_EnableIRQ
                0x000824dc       0x30 build/bsp_uart.o
 .text.debugTxComplete
                0x0008250c       0x1c build/bsp_uart.o
                0x0008250c                debugTxComplete
 .text.InitDebug
                0x00082528      0x114 build/bsp_uart.o
                0x00082528                InitDebug
 .text.InitMisc
                0x0008263c      0x11c build/bsp_uart.o
                0x0008263c                InitMisc
 .text.BSP_UART_Init
                0x00082758       0x2c build/bsp_uart.o
                0x00082758                BSP_UART_Init
 .text.BSP_UART_txBuffer
                0x00082784       0x58 build/bsp_uart.o
                0x00082784                BSP_UART_txBuffer
 .text.BSP_UART_txInProgress
                0x000827dc       0x18 build/bsp_uart.o
                0x000827dc                BSP_UART_txInProgress
 .text.NVIC_EnableIRQ
                0x000827f4       0x30 build/bsp_rtc.o
 .text.RTC_IntEnable
                0x00082824       0x18 build/bsp_rtc.o
 .text.BSP_RTC_Init
                0x0008283c       0x60 build/bsp_rtc.o
                0x0008283c                BSP_RTC_Init
 .text.BSP_WDG_Init
                0x0008289c       0x90 build/bsp_wdg.o
                0x0008289c                BSP_WDG_Init
 .text.ADC_IntClear
                0x0008292c       0x10 build/bsp_adc.o
 .text.scanComplete
                0x0008293c      0x180 build/bsp_adc.o
                0x0008293c                scanComplete
 *fill*         0x00082abc        0x4 
 .text.singleComplete
                0x00082ac0      0x100 build/bsp_adc.o
                0x00082ac0                singleComplete
 .text.BSP_ADC_Init
                0x00082bc0      0x294 build/bsp_adc.o
                0x00082bc0                BSP_ADC_Init
 *fill*         0x00082e54        0x4 
 .text.ADC0_IRQHandler
                0x00082e58      0x100 build/bsp_adc.o
                0x00082e58                ADC0_IRQHandler
 .text.BSP_DMA_Init
                0x00082f58       0x20 build/bsp_dma.o
                0x00082f58                BSP_DMA_Init
 .text.NVIC_EnableIRQ
                0x00082f78       0x30 build/bsp_i2c.o
 .text.NVIC_DisableIRQ
                0x00082fa8       0x34 build/bsp_i2c.o
 .text.NVIC_ClearPendingIRQ
                0x00082fdc       0x34 build/bsp_i2c.o
 .text.InitSys  0x00083010       0xe4 build/bsp_i2c.o
                0x00083010                InitSys
 .text.InitSub  0x000830f4       0xd4 build/bsp_i2c.o
                0x000830f4                InitSub
 .text.BSP_I2C_Init
                0x000831c8       0x40 build/bsp_i2c.o
                0x000831c8                BSP_I2C_Init
 .text.BSP_I2C_setSlaveMode
                0x00083208       0x74 build/bsp_i2c.o
                0x00083208                BSP_I2C_setSlaveMode
 .text.GPIO_PinOutClear
                0x0008327c       0x58 build/bsp_ebi.o
 .text.GPIO_PinOutSet
                0x000832d4       0x58 build/bsp_ebi.o
 .text.BSP_EBI_disableSRAM
                0x0008332c       0x50 build/bsp_ebi.o
                0x0008332c                BSP_EBI_disableSRAM
 .text.mem_cpy  0x0008337c       0x50 build/ff.o
 .text.mem_set  0x000833cc       0x44 build/ff.o
 .text.mem_cmp  0x00083410       0x70 build/ff.o
 .text.chk_chr  0x00083480       0x30 build/ff.o
 .text.move_window
                0x000834b0       0xd4 build/ff.o
 .text.sync     0x00083584      0x184 build/ff.o
 .text.clust2sect
                0x00083708       0x38 build/ff.o
                0x00083708                clust2sect
 .text.get_fat  0x00083740      0x1cc build/ff.o
                0x00083740                get_fat
 .text.put_fat  0x0008390c      0x290 build/ff.o
                0x0008390c                put_fat
 .text.remove_chain
                0x00083b9c       0xb8 build/ff.o
 .text.create_chain
                0x00083c54      0x130 build/ff.o
 .text.dir_sdi  0x00083d84      0x12c build/ff.o
 .text.dir_next
                0x00083eb0      0x1f0 build/ff.o
 .text.dir_find
                0x000840a0       0xb4 build/ff.o
 .text.dir_register
                0x00084154       0xd0 build/ff.o
 .text.create_name
                0x00084224      0x354 build/ff.o
 .text.follow_path
                0x00084578      0x168 build/ff.o
 .text.check_fs
                0x000846e0       0xd8 build/ff.o
 .text.chk_mounted
                0x000847b8      0x61c build/ff.o
 .text.validate
                0x00084dd4       0x50 build/ff.o
 .text.f_mount  0x00084e24       0x70 build/ff.o
                0x00084e24                f_mount
 .text.f_open   0x00084e94      0x35c build/ff.o
                0x00084e94                f_open
 .text.f_read   0x000851f0      0x338 build/ff.o
                0x000851f0                f_read
 .text.f_write  0x00085528      0x39c build/ff.o
                0x00085528                f_write
 .text.f_sync   0x000858c4      0x1c4 build/ff.o
                0x000858c4                f_sync
 .text.f_close  0x00085a88       0x2c build/ff.o
                0x00085a88                f_close
 .text.f_chdir  0x00085ab4       0xc8 build/ff.o
                0x00085ab4                f_chdir
 .text.f_lseek  0x00085b7c      0x2e4 build/ff.o
                0x00085b7c                f_lseek
 .text.f_mkdir  0x00085e60      0x374 build/ff.o
                0x00085e60                f_mkdir
 .text.disk_initialize
                0x000861d4      0x23c build/diskio.o
                0x000861d4                disk_initialize
 .text.disk_status
                0x00086410       0x24 build/diskio.o
                0x00086410                disk_status
 .text.disk_read
                0x00086434       0xec build/diskio.o
                0x00086434                disk_read
 .text.disk_write
                0x00086520      0x128 build/diskio.o
                0x00086520                disk_write
 .text.disk_ioctl
                0x00086648      0x3f4 build/diskio.o
                0x00086648                disk_ioctl
 .text.WaitReady
                0x00086a3c       0x44 build/microsd.o
 .text.MICROSD_Init
                0x00086a80       0xbc build/microsd.o
                0x00086a80                MICROSD_Init
 .text.MICROSD_XferSpi
                0x00086b3c       0x3c build/microsd.o
                0x00086b3c                MICROSD_XferSpi
 .text.MICROSD_Deselect
                0x00086b78       0x18 build/microsd.o
                0x00086b78                MICROSD_Deselect
 .text.MICROSD_Select
                0x00086b90       0x2c build/microsd.o
                0x00086b90                MICROSD_Select
 .text.MICROSD_PowerOn
                0x00086bbc       0x14 build/microsd.o
                0x00086bbc                MICROSD_PowerOn
 .text.MICROSD_PowerOff
                0x00086bd0       0x1c build/microsd.o
                0x00086bd0                MICROSD_PowerOff
 .text.MICROSD_BlockRx
                0x00086bec      0x118 build/microsd.o
                0x00086bec                MICROSD_BlockRx
 .text.MICROSD_BlockTx
                0x00086d04       0xc4 build/microsd.o
                0x00086d04                MICROSD_BlockTx
 .text.MICROSD_SendCmd
                0x00086dc8      0x114 build/microsd.o
                0x00086dc8                MICROSD_SendCmd
 .text.MICROSD_SpiClkSlow
                0x00086edc       0x24 build/microsd.o
                0x00086edc                MICROSD_SpiClkSlow
 .text.MICROSD_SpiClkFast
                0x00086f00       0x24 build/microsd.o
                0x00086f00                MICROSD_SpiClkFast
 .text.MICROSD_TimeOutSet
                0x00086f24       0x20 build/microsd.o
                0x00086f24                MICROSD_TimeOutSet
 .text.MICROSD_TimeOutElapsed
                0x00086f44       0x18 build/microsd.o
                0x00086f44                MICROSD_TimeOutElapsed
 .text.vListInitialise
                0x00086f5c       0x38 build/list.o
                0x00086f5c                vListInitialise
 .text.vListInitialiseItem
                0x00086f94       0x10 build/list.o
                0x00086f94                vListInitialiseItem
 .text.vListInsertEnd
                0x00086fa4       0x40 build/list.o
                0x00086fa4                vListInsertEnd
 .text.vListInsert
                0x00086fe4       0x6c build/list.o
                0x00086fe4                vListInsert
 .text.uxListRemove
                0x00087050       0x50 build/list.o
                0x00087050                uxListRemove
 .text.xQueueGenericReset
                0x000870a0       0xac build/queue.o
                0x000870a0                xQueueGenericReset
 .text.xQueueGenericCreate
                0x0008714c       0x78 build/queue.o
                0x0008714c                xQueueGenericCreate
 .text.xQueueCreateMutex
                0x000871c4       0x94 build/queue.o
                0x000871c4                xQueueCreateMutex
 .text.xQueueGenericSend
                0x00087258      0x120 build/queue.o
                0x00087258                xQueueGenericSend
 .text.xQueueGenericSendFromISR
                0x00087378       0x90 build/queue.o
                0x00087378                xQueueGenericSendFromISR
 .text.xQueueGenericReceive
                0x00087408      0x180 build/queue.o
                0x00087408                xQueueGenericReceive
 .text.prvCopyDataToQueue
                0x00087588       0xd8 build/queue.o
 .text.prvCopyDataFromQueue
                0x00087660       0x48 build/queue.o
 .text.prvUnlockQueue
                0x000876a8       0x9c build/queue.o
 .text.prvIsQueueEmpty
                0x00087744       0x2c build/queue.o
 .text.prvIsQueueFull
                0x00087770       0x30 build/queue.o
 .text.vQueueWaitForMessageRestricted
                0x000877a0       0x58 build/queue.o
                0x000877a0                vQueueWaitForMessageRestricted
 .text.xTaskGenericCreate
                0x000877f8      0x148 build/tasks.o
                0x000877f8                xTaskGenericCreate
 .text.vTaskDelay
                0x00087940       0x50 build/tasks.o
                0x00087940                vTaskDelay
 .text.vTaskSuspend
                0x00087990       0x94 build/tasks.o
                0x00087990                vTaskSuspend
 .text.xTaskIsTaskSuspended
                0x00087a24       0x5c build/tasks.o
                0x00087a24                xTaskIsTaskSuspended
 .text.vTaskResume
                0x00087a80       0x94 build/tasks.o
                0x00087a80                vTaskResume
 .text.vTaskStartScheduler
                0x00087b14       0x6c build/tasks.o
                0x00087b14                vTaskStartScheduler
 .text.vTaskSuspendAll
                0x00087b80       0x14 build/tasks.o
                0x00087b80                vTaskSuspendAll
 .text.xTaskResumeAll
                0x00087b94      0x120 build/tasks.o
                0x00087b94                xTaskResumeAll
 .text.xTaskGetTickCount
                0x00087cb4       0x20 build/tasks.o
                0x00087cb4                xTaskGetTickCount
 .text.xTaskIncrementTick
                0x00087cd4      0x19c build/tasks.o
                0x00087cd4                xTaskIncrementTick
 .text.vTaskSwitchContext
                0x00087e70       0xec build/tasks.o
                0x00087e70                vTaskSwitchContext
 .text.vTaskPlaceOnEventList
                0x00087f5c       0x60 build/tasks.o
                0x00087f5c                vTaskPlaceOnEventList
 .text.vTaskPlaceOnEventListRestricted
                0x00087fbc       0x44 build/tasks.o
                0x00087fbc                vTaskPlaceOnEventListRestricted
 .text.xTaskRemoveFromEventList
                0x00088000       0xac build/tasks.o
                0x00088000                xTaskRemoveFromEventList
 .text.vTaskSetTimeOutState
                0x000880ac       0x20 build/tasks.o
                0x000880ac                vTaskSetTimeOutState
 .text.xTaskCheckForTimeOut
                0x000880cc       0x8c build/tasks.o
                0x000880cc                xTaskCheckForTimeOut
 .text.vTaskMissedYield
                0x00088158       0x10 build/tasks.o
                0x00088158                vTaskMissedYield
 .text.prvIdleTask
                0x00088168       0x10 build/tasks.o
 .text.prvInitialiseTCBVariables
                0x00088178       0x9c build/tasks.o
 .text.prvInitialiseTaskLists
                0x00088214       0x80 build/tasks.o
 .text.prvCheckTasksWaitingTermination
                0x00088294       0x78 build/tasks.o
 .text.prvAddCurrentTaskToDelayedList
                0x0008830c       0x6c build/tasks.o
 .text.prvAllocateTCBAndStack
                0x00088378       0x70 build/tasks.o
 .text.prvDeleteTCB
                0x000883e8       0x1c build/tasks.o
 .text.xTaskGetCurrentTaskHandle
                0x00088404       0x14 build/tasks.o
                0x00088404                xTaskGetCurrentTaskHandle
 .text.xTaskGetSchedulerState
                0x00088418       0x38 build/tasks.o
                0x00088418                xTaskGetSchedulerState
 .text.vTaskPriorityInherit
                0x00088450       0xc0 build/tasks.o
                0x00088450                vTaskPriorityInherit
 .text.vTaskPriorityDisinherit
                0x00088510       0x80 build/tasks.o
                0x00088510                vTaskPriorityDisinherit
 .text.xTimerCreateTimerTask
                0x00088590       0x54 build/timers.o
                0x00088590                xTimerCreateTimerTask
 .text.xTimerCreate
                0x000885e4       0x60 build/timers.o
                0x000885e4                xTimerCreate
 .text.xTimerGenericCommand
                0x00088644       0x8c build/timers.o
                0x00088644                xTimerGenericCommand
 .text.prvProcessExpiredTimer
                0x000886d0       0x68 build/timers.o
 .text.prvTimerTask
                0x00088738       0x20 build/timers.o
 .text.prvProcessTimerOrBlockTask
                0x00088758       0x6c build/timers.o
 .text.prvGetNextExpireTime
                0x000887c4       0x40 build/timers.o
 .text.prvSampleTimeNow
                0x00088804       0x44 build/timers.o
 .text.prvInsertTimerInActiveList
                0x00088848       0x8c build/timers.o
 .text.prvProcessReceivedCommands
                0x000888d4       0xe0 build/timers.o
 .text.prvSwitchTimerLists
                0x000889b4       0xac build/timers.o
 .text.prvCheckForValidListAndQueue
                0x00088a60       0x58 build/timers.o
 .text.pvPortMalloc
                0x00088ab8      0x11c build/heap_4.o
                0x00088ab8                pvPortMalloc
 .text.vPortFree
                0x00088bd4       0x78 build/heap_4.o
                0x00088bd4                vPortFree
 .text.prvHeapInit
                0x00088c4c       0x9c build/heap_4.o
 .text.prvInsertBlockIntoFreeList
                0x00088ce8       0xa8 build/heap_4.o
 .text.pxPortInitialiseStack
                0x00088d90       0x54 build/port.o
                0x00088d90                pxPortInitialiseStack
 .text.SVC_Handler
                0x00088de4       0x20 build/port.o
                0x00088de4                SVC_Handler
 .text.prvPortStartFirstTask
                0x00088e04       0x14 build/port.o
 .text.xPortStartScheduler
                0x00088e18       0x3c build/port.o
                0x00088e18                xPortStartScheduler
 .text.vPortYield
                0x00088e54       0x18 build/port.o
                0x00088e54                vPortYield
 .text.vPortEnterCritical
                0x00088e6c       0x20 build/port.o
                0x00088e6c                vPortEnterCritical
 .text.vPortExitCritical
                0x00088e8c       0x24 build/port.o
                0x00088e8c                vPortExitCritical
 .text.ulPortSetInterruptMask
                0x00088eb0       0x14 build/port.o
                0x00088eb0                ulPortSetInterruptMask
 .text.vPortClearInterruptMask
                0x00088ec4        0x8 build/port.o
                0x00088ec4                vPortClearInterruptMask
 .text.PendSV_Handler
                0x00088ecc       0x3c build/port.o
                0x00088ecc                PendSV_Handler
 .text.SysTick_Handler
                0x00088f08       0x28 build/port.o
                0x00088f08                SysTick_Handler
 .text.vPortSetupTimerInterrupt
                0x00088f30       0x1c build/port.o
                0x00088f30                vPortSetupTimerInterrupt
 .text.FSW_ADCS_Init
                0x00088f4c       0xb4 build/fsw_adcs.o
                0x00088f4c                FSW_ADCS_Init
 .text.FSW_ADCS_reportHealthStatus
                0x00089000       0x54 build/fsw_adcs.o
 .text.FSW_ADCS_modeChange
                0x00089054       0x38 build/fsw_adcs.o
 .text.FSW_ADCS_readTelemetry
                0x0008908c       0x10 build/fsw_adcs.o
 .text.FSW_ADCS_runAlgorithm
                0x0008909c       0x10 build/fsw_adcs.o
 .text.FSW_ADCS_manager
                0x000890ac       0x84 build/fsw_adcs.o
 .text.FSW_ADCS_ADCSexe
                0x00089130       0x38 build/fsw_adcs.o
 .text.FSW_CDH_Init
                0x00089168      0x10c build/fsw_cdh.o
                0x00089168                FSW_CDH_Init
 .text.scheduleCMD
                0x00089274      0x174 build/fsw_cdh.o
 .text.CMDsched_Callback
                0x000893e8       0xb8 build/fsw_cdh.o
 .text.testCMD_initialize
                0x000894a0       0x20 build/fsw_cdh.o
 .text.FSW_CDH_reportHealthStatus
                0x000894c0       0x54 build/fsw_cdh.o
 .text.FSW_CDH_modeChange
                0x00089514       0x38 build/fsw_cdh.o
 .text.FSW_CDH_processCMD
                0x0008954c      0x154 build/fsw_cdh.o
 .text.FSW_CDH_processDIARY
                0x000896a0       0xe4 build/fsw_cdh.o
 .text.FSW_COMM_Init
                0x00089784       0x9c build/fsw_comm.o
                0x00089784                FSW_COMM_Init
 .text.FSW_COMM_reportHealthStatus
                0x00089820       0x54 build/fsw_comm.o
 .text.FSW_COMM_modeChange
                0x00089874       0x38 build/fsw_comm.o
 .text.FSW_COMM_manager
                0x000898ac       0x64 build/fsw_comm.o
 .text.FSW_FS_Init
                0x00089910       0xd0 build/fsw_filesystem.o
                0x00089910                FSW_FS_Init
 .text.FATFS_Init
                0x000899e0       0xe8 build/fsw_filesystem.o
 .text.FSW_FS_reportHealthStatus
                0x00089ac8       0x54 build/fsw_filesystem.o
 .text.FSW_FS_modeChange
                0x00089b1c       0x38 build/fsw_filesystem.o
 .text.log_ERROR
                0x00089b54      0x290 build/fsw_filesystem.o
 .text.log_WOD  0x00089de4       0x7c build/fsw_filesystem.o
 .text.log_CMD  0x00089e60      0x290 build/fsw_filesystem.o
 .text.FSW_FS_CMDmanager
                0x0008a0f0       0x68 build/fsw_filesystem.o
 .text.FSW_FS_LOGmanager
                0x0008a158       0x7c build/fsw_filesystem.o
 .text.getOBC_time
                0x0008a1d4        0xc build/fsw_healthandhousekeeping.o
                0x0008a1d4                getOBC_time
 .text.FSW_HandH_Init
                0x0008a1e0      0x114 build/fsw_healthandhousekeeping.o
                0x0008a1e0                FSW_HandH_Init
 .text.setDate_and_Time
                0x0008a2f4       0x2c build/fsw_healthandhousekeeping.o
 .text.FSW_HANDH_reportHealthStatus
                0x0008a320       0x54 build/fsw_healthandhousekeeping.o
 .text.process_ADCShealth
                0x0008a374       0x2c build/fsw_healthandhousekeeping.o
 .text.process_CDHhealth
                0x0008a3a0       0x2c build/fsw_healthandhousekeeping.o
 .text.process_COMMhealth
                0x0008a3cc       0x2c build/fsw_healthandhousekeeping.o
 .text.process_HANDHhealth
                0x0008a3f8       0x2c build/fsw_healthandhousekeeping.o
 .text.process_PAYLOADhealth
                0x0008a424       0x2c build/fsw_healthandhousekeeping.o
 .text.process_POWERhealth
                0x0008a450       0x2c build/fsw_healthandhousekeeping.o
 .text.IncrementOBCTime
                0x0008a47c       0x24 build/fsw_healthandhousekeeping.o
 .text.FSW_HANDH_CMDmanager
                0x0008a4a0       0xa0 build/fsw_healthandhousekeeping.o
 .text.FSW_HANDH_DATAmanager
                0x0008a540      0x104 build/fsw_healthandhousekeeping.o
 .text.printOBCtime
                0x0008a644       0x5c build/fsw_healthandhousekeeping.o
 .text.FSW_PAYLOAD_Init
                0x0008a6a0       0x84 build/fsw_payload.o
                0x0008a6a0                FSW_PAYLOAD_Init
 .text.FSW_PAYLOAD_reportHealthStatus
                0x0008a724       0x54 build/fsw_payload.o
 .text.FSW_PAYLOAD_modeChange
                0x0008a778       0x38 build/fsw_payload.o
 .text.FSW_PAYLOAD_manager
                0x0008a7b0       0x64 build/fsw_payload.o
 .text.FSW_POWER_Init
                0x0008a814       0x84 build/fsw_power.o
                0x0008a814                FSW_POWER_Init
 .text.FSW_POWER_reportHealthStatus
                0x0008a898       0x54 build/fsw_power.o
 .text.FSW_POWER_modeChange
                0x0008a8ec       0x38 build/fsw_power.o
 .text.FSW_POWER_checkSC
                0x0008a924       0x10 build/fsw_power.o
 .text.FSW_POWER_readVI
                0x0008a934       0x10 build/fsw_power.o
 .text.FSW_POWER_manager
                0x0008a944       0x84 build/fsw_power.o
 .text.FSW_MODES_Init
                0x0008a9c8       0xc0 build/fsw_modes.o
                0x0008a9c8                FSW_MODES_Init
 .text.empty    0x0008aa88        0x4 build/fsw_modes.o
                0x0008aa88                empty
 .text.MODE_safe
                0x0008aa8c       0x34 build/fsw_modes.o
                0x0008aa8c                MODE_safe
 .text.MODE_nominal
                0x0008aac0       0x34 build/fsw_modes.o
                0x0008aac0                MODE_nominal
 .text.MODE_link
                0x0008aaf4       0x34 build/fsw_modes.o
 .text.MODE_erp
                0x0008ab28       0x34 build/fsw_modes.o
 .text.FSW_MODES_reportHealthStatus
                0x0008ab5c       0x40 build/fsw_modes.o
 .text.FSW_MODES_manager
                0x0008ab9c       0x78 build/fsw_modes.o
 .text.FSW_MODES_SatModeMan
                0x0008ac14       0xa4 build/fsw_modes.o
 .text.HIL_TransceiverRX
                0x0008acb8       0x3c build/z_HILcomm.o
                0x0008acb8                HIL_TransceiverRX
 .text.GPIO_PortInGet
                0x0008acf4       0x4c build/background.o
 .text.RTC_IntClear
                0x0008ad40       0x14 build/background.o
 .text.RTC_IRQHandler
                0x0008ad54       0x48 build/background.o
                0x0008ad54                RTC_IRQHandler
 .text.ACMP0_IRQHandler
                0x0008ad9c       0x44 build/background.o
                0x0008ad9c                ACMP0_IRQHandler
 .text.GPIO_EVEN_IRQHandler
                0x0008ade0       0x64 build/background.o
                0x0008ade0                GPIO_EVEN_IRQHandler
 .text.I2C_IntClear
                0x0008ae44       0x10 build/comms.o
 .text.addToBuffer_uint8
                0x0008ae54       0x18 build/comms.o
                0x0008ae54                addToBuffer_uint8
 .text.addToBuffer_uint16
                0x0008ae6c       0x28 build/comms.o
                0x0008ae6c                addToBuffer_uint16
 .text.addToBuffer_uint32
                0x0008ae94       0x3c build/comms.o
                0x0008ae94                addToBuffer_uint32
 .text.COMMS_init
                0x0008aed0       0xf0 build/comms.o
                0x0008aed0                COMMS_init
 .text.identifyTCMD
                0x0008afc0       0xbc build/comms.o
                0x0008afc0                identifyTCMD
 .text.COMMS_processTCMD
                0x0008b07c      0x2a4 build/comms.o
                0x0008b07c                COMMS_processTCMD
 .text.processTLM
                0x0008b320      0x1f0 build/comms.o
                0x0008b320                processTLM
 .text.USART0_RX_IRQHandler
                0x0008b510      0x234 build/comms.o
                0x0008b510                USART0_RX_IRQHandler
 .text.I2C0_IRQHandler
                0x0008b744      0x3d4 build/comms.o
                0x0008b744                I2C0_IRQHandler
 .text.printString
                0x0008bb18       0x68 build/comms.o
                0x0008bb18                printString
 .text.TEST_RTC
                0x0008bb80       0x4c build/tests.o
                0x0008bb80                TEST_RTC
 .text.TEST_microSD
                0x0008bbcc      0x584 build/tests.o
                0x0008bbcc                TEST_microSD
 .text.CHIP_Init
                0x0008c150       0x40 build/main.o
 .text.get_fattime
                0x0008c190        0xc build/main.o
                0x0008c190                get_fattime
 .text.Delay    0x0008c19c       0x28 build/main.o
                0x0008c19c                Delay
 .text.main     0x0008c1c4       0xe0 build/main.o
                0x0008c1c4                main
 .text.vApplicationStackOverflowHook
                0x0008c2a4        0x8 build/main.o
                0x0008c2a4                vApplicationStackOverflowHook
 .text.vApplicationIdleHook
                0x0008c2ac        0x4 build/main.o
                0x0008c2ac                vApplicationIdleHook
 .text          0x0008c2b0      0x370 C:\Program Files/CodeSourcery/Sourcery_CodeBench_Lite_for_ARM_EABI/lib/gcc/arm-none-eabi/4.7.3/thumb2\libgcc.a(_arm_addsubdf3.o)
                0x0008c2b0                __aeabi_drsub
                0x0008c2b8                __aeabi_dsub
                0x0008c2b8                __subdf3
                0x0008c2bc                __aeabi_dadd
                0x0008c2bc                __adddf3
                0x0008c534                __floatunsidf
                0x0008c534                __aeabi_ui2d
                0x0008c554                __floatsidf
                0x0008c554                __aeabi_i2d
                0x0008c578                __aeabi_f2d
                0x0008c578                __extendsfdf2
                0x0008c5b4                __floatundidf
                0x0008c5b4                __aeabi_ul2d
                0x0008c5c4                __floatdidf
                0x0008c5c4                __aeabi_l2d
 .text          0x0008c620      0x424 C:\Program Files/CodeSourcery/Sourcery_CodeBench_Lite_for_ARM_EABI/lib/gcc/arm-none-eabi/4.7.3/thumb2\libgcc.a(_arm_muldivdf3.o)
                0x0008c620                __aeabi_dmul
                0x0008c620                __muldf3
                0x0008c874                __divdf3
                0x0008c874                __aeabi_ddiv
 .text          0x0008ca44       0x40 C:\Program Files/CodeSourcery/Sourcery_CodeBench_Lite_for_ARM_EABI/lib/gcc/arm-none-eabi/4.7.3/thumb2\libgcc.a(_arm_fixunsdfsi.o)
                0x0008ca44                __aeabi_d2uiz
                0x0008ca44                __fixunsdfsi
 .text          0x0008ca84       0xa0 C:\Program Files/CodeSourcery/Sourcery_CodeBench_Lite_for_ARM_EABI/lib/gcc/arm-none-eabi/4.7.3/thumb2\libgcc.a(_arm_truncdfsf2.o)
                0x0008ca84                __truncdfsf2
                0x0008ca84                __aeabi_d2f
 .text          0x0008cb24      0x21c C:\Program Files/CodeSourcery/Sourcery_CodeBench_Lite_for_ARM_EABI/lib/gcc/arm-none-eabi/4.7.3/thumb2\libgcc.a(_arm_addsubsf3.o)
                0x0008cb24                __aeabi_frsub
                0x0008cb2c                __subsf3
                0x0008cb2c                __aeabi_fsub
                0x0008cb30                __aeabi_fadd
                0x0008cb30                __addsf3
                0x0008cc90                __aeabi_ui2f
                0x0008cc90                __floatunsisf
                0x0008cc98                __aeabi_i2f
                0x0008cc98                __floatsisf
                0x0008ccb4                __aeabi_ul2f
                0x0008ccb4                __floatundisf
                0x0008ccc4                __aeabi_l2f
                0x0008ccc4                __floatdisf
 .text          0x0008cd40      0x2a0 C:\Program Files/CodeSourcery/Sourcery_CodeBench_Lite_for_ARM_EABI/lib/gcc/arm-none-eabi/4.7.3/thumb2\libgcc.a(_arm_muldivsf3.o)
                0x0008cd40                __mulsf3
                0x0008cd40                __aeabi_fmul
                0x0008cea8                __aeabi_fdiv
                0x0008cea8                __divsf3
 .text          0x0008cfe0       0x2c C:\Program Files/CodeSourcery/Sourcery_CodeBench_Lite_for_ARM_EABI/arm-none-eabi/lib/thumb2\libc.a(lib_a-gmtime.o)
                0x0008cfe0                gmtime
 .text          0x0008d00c        0x8 C:\Program Files/CodeSourcery/Sourcery_CodeBench_Lite_for_ARM_EABI/arm-none-eabi/lib/thumb2\libc.a(lib_a-gmtime_r.o)
                0x0008d00c                gmtime_r
 .text          0x0008d014       0x20 C:\Program Files/CodeSourcery/Sourcery_CodeBench_Lite_for_ARM_EABI/arm-none-eabi/lib/thumb2\libc.a(lib_a-malloc.o)
                0x0008d014                malloc
                0x0008d024                free
 .text          0x0008d034      0x598 C:\Program Files/CodeSourcery/Sourcery_CodeBench_Lite_for_ARM_EABI/arm-none-eabi/lib/thumb2\libc.a(lib_a-mallocr.o)
                0x0008d034                _malloc_r
 .text          0x0008d5cc       0x64 C:\Program Files/CodeSourcery/Sourcery_CodeBench_Lite_for_ARM_EABI/arm-none-eabi/lib/thumb2\libc.a(lib_a-memcmp.o)
                0x0008d5cc                memcmp
 .text          0x0008d630      0x174 C:\Program Files/CodeSourcery/Sourcery_CodeBench_Lite_for_ARM_EABI/arm-none-eabi/lib/thumb2\libc.a(lib_a-memcpy.o)
                0x0008d630                memcpy
 .text          0x0008d7a4       0xcc C:\Program Files/CodeSourcery/Sourcery_CodeBench_Lite_for_ARM_EABI/arm-none-eabi/lib/thumb2\libc.a(lib_a-memset.o)
                0x0008d7a4                memset
 .text          0x0008d870      0x500 C:\Program Files/CodeSourcery/Sourcery_CodeBench_Lite_for_ARM_EABI/arm-none-eabi/lib/thumb2\libc.a(lib_a-mktm_r.o)
                0x0008d870                __tzcalc_limits
                0x0008da0c                _mktm_r
 .text          0x0008dd70        0x8 C:\Program Files/CodeSourcery/Sourcery_CodeBench_Lite_for_ARM_EABI/arm-none-eabi/lib/thumb2\libc.a(lib_a-mlock.o)
                0x0008dd70                __malloc_lock
                0x0008dd74                __malloc_unlock
 .text          0x0008dd78       0x28 C:\Program Files/CodeSourcery/Sourcery_CodeBench_Lite_for_ARM_EABI/arm-none-eabi/lib/thumb2\libc.a(lib_a-sbrkr.o)
                0x0008dd78                _sbrk_r
 .text          0x0008dda0       0x94 C:\Program Files/CodeSourcery/Sourcery_CodeBench_Lite_for_ARM_EABI/arm-none-eabi/lib/thumb2\libc.a(lib_a-sprintf.o)
                0x0008dda0                _sprintf_r
                0x0008dde4                sprintf
 .text          0x0008de34       0xbc C:\Program Files/CodeSourcery/Sourcery_CodeBench_Lite_for_ARM_EABI/arm-none-eabi/lib/thumb2\libc.a(lib_a-strcpy.o)
                0x0008de34                strcpy
 .text          0x0008def0      0xd04 C:\Program Files/CodeSourcery/Sourcery_CodeBench_Lite_for_ARM_EABI/arm-none-eabi/lib/thumb2\libc.a(lib_a-strftime.o)
                0x0008dfc4                strftime
 .text          0x0008ebf4       0x60 C:\Program Files/CodeSourcery/Sourcery_CodeBench_Lite_for_ARM_EABI/arm-none-eabi/lib/thumb2\libc.a(lib_a-strlen.o)
                0x0008ebf4                strlen
 .text          0x0008ec54      0x16c C:\Program Files/CodeSourcery/Sourcery_CodeBench_Lite_for_ARM_EABI/arm-none-eabi/lib/thumb2\libc.a(lib_a-strtoul.o)
                0x0008ec54                _strtoul_r
                0x0008eda4                strtoul
 .text          0x0008edc0     0x1538 C:\Program Files/CodeSourcery/Sourcery_CodeBench_Lite_for_ARM_EABI/arm-none-eabi/lib/thumb2\libc.a(lib_a-svfprintf.o)
                0x0008edc0                _svfprintf_r
 .text          0x000902f8       0x4c C:\Program Files/CodeSourcery/Sourcery_CodeBench_Lite_for_ARM_EABI/arm-none-eabi/lib/thumb2\libc.a(lib_a-timelocal.o)
                0x000902f8                __get_current_time_locale
                0x00090318                __time_load_locale
 .text          0x00090344        0x8 C:\Program Files/CodeSourcery/Sourcery_CodeBench_Lite_for_ARM_EABI/arm-none-eabi/lib/thumb2\libc.a(lib_a-tzlock.o)
                0x00090344                __tz_lock
                0x00090348                __tz_unlock
 .text          0x0009034c        0x8 C:\Program Files/CodeSourcery/Sourcery_CodeBench_Lite_for_ARM_EABI/arm-none-eabi/lib/thumb2\libc.a(lib_a-abs.o)
                0x0009034c                abs
 *fill*         0x00090354        0x4 
 .text          0x00090358     0x1068 C:\Program Files/CodeSourcery/Sourcery_CodeBench_Lite_for_ARM_EABI/arm-none-eabi/lib/thumb2\libc.a(lib_a-dtoa.o)
                0x00090490                _dtoa_r
 .text          0x000913c0      0x238 C:\Program Files/CodeSourcery/Sourcery_CodeBench_Lite_for_ARM_EABI/arm-none-eabi/lib/thumb2\libc.a(lib_a-freer.o)
                0x000913c0                _malloc_trim_r
                0x00091464                _free_r
 .text          0x000915f8        0xc C:\Program Files/CodeSourcery/Sourcery_CodeBench_Lite_for_ARM_EABI/arm-none-eabi/lib/thumb2\libc.a(lib_a-gettzinfo.o)
                0x000915f8                __gettzinfo
 .text          0x00091604        0x8 C:\Program Files/CodeSourcery/Sourcery_CodeBench_Lite_for_ARM_EABI/arm-none-eabi/lib/thumb2\libc.a(lib_a-labs.o)
                0x00091604                labs
 .text          0x0009160c      0x1f0 C:\Program Files/CodeSourcery/Sourcery_CodeBench_Lite_for_ARM_EABI/arm-none-eabi/lib/thumb2\libc.a(lib_a-ldpart.o)
                0x0009160c                __part_load_locale
 .text          0x000917fc       0x9c C:\Program Files/CodeSourcery/Sourcery_CodeBench_Lite_for_ARM_EABI/arm-none-eabi/lib/thumb2\libc.a(lib_a-locale.o)
                0x000917fc                _setlocale_r
                0x00091850                __locale_charset
                0x0009185c                __locale_mb_cur_max
                0x00091868                __locale_msgcharset
                0x00091870                __locale_cjk_lang
                0x00091874                _localeconv_r
                0x0009187c                setlocale
                0x00091890                localeconv
 .text          0x00091898       0x94 C:\Program Files/CodeSourcery/Sourcery_CodeBench_Lite_for_ARM_EABI/arm-none-eabi/lib/thumb2\libc.a(lib_a-memchr.o)
                0x00091898                memchr
 .text          0x0009192c      0x910 C:\Program Files/CodeSourcery/Sourcery_CodeBench_Lite_for_ARM_EABI/arm-none-eabi/lib/thumb2\libc.a(lib_a-mprec.o)
                0x0009192c                _Balloc
                0x00091998                _Bfree
                0x000919d0                __multadd
                0x00091a58                __s2b
                0x00091af0                __hi0bits
                0x00091b2c                __lo0bits
                0x00091b88                __i2b
                0x00091b9c                __multiply
                0x00091cd8                __pow5mult
                0x00091d7c                __lshift
                0x00091e30                __mcmp
                0x00091e6c                __mdiff
                0x00091f58                __ulp
                0x00091f9c                __b2d
                0x0009204c                __d2b
                0x00092108                __ratio
                0x00092168                _mprec_log10
                0x0009219c                __copybits
                0x000921e4                __any_on
 .text          0x0009223c       0x14 C:\Program Files/CodeSourcery/Sourcery_CodeBench_Lite_for_ARM_EABI/arm-none-eabi/lib/thumb2\libc.a(lib_a-realloc.o)
                0x0009223c                realloc
 .text          0x00092250      0x3cc C:\Program Files/CodeSourcery/Sourcery_CodeBench_Lite_for_ARM_EABI/arm-none-eabi/lib/thumb2\libc.a(lib_a-reallocr.o)
                0x00092250                _realloc_r
 .text          0x0009261c       0x50 C:\Program Files/CodeSourcery/Sourcery_CodeBench_Lite_for_ARM_EABI/arm-none-eabi/lib/thumb2\libc.a(lib_a-s_fpclassify.o)
                0x0009261c                __fpclassifyd
 .text          0x0009266c       0xd4 C:\Program Files/CodeSourcery/Sourcery_CodeBench_Lite_for_ARM_EABI/arm-none-eabi/lib/thumb2\libc.a(lib_a-snprintf.o)
                0x0009266c                _snprintf_r
                0x000926d0                snprintf
 .text          0x00092740       0x4c C:\Program Files/CodeSourcery/Sourcery_CodeBench_Lite_for_ARM_EABI/arm-none-eabi/lib/thumb2\libc.a(lib_a-strcat.o)
                0x00092740                strcat
 .text          0x0009278c      0x100 C:\Program Files/CodeSourcery/Sourcery_CodeBench_Lite_for_ARM_EABI/arm-none-eabi/lib/thumb2\libc.a(lib_a-strchr.o)
                0x0009278c                strchr
 .text          0x0009288c      0x1dc C:\Program Files/CodeSourcery/Sourcery_CodeBench_Lite_for_ARM_EABI/arm-none-eabi/lib/thumb2\libc.a(lib_a-strcmp.o)
                0x0009288c                strcmp
 .text          0x00092a68      0xbbc C:\Program Files/CodeSourcery/Sourcery_CodeBench_Lite_for_ARM_EABI/arm-none-eabi/lib/thumb2\libc.a(lib_a-svfiprintf.o)
                0x00092a68                __ssprint_r
                0x00092b74                _svfiprintf_r
 .text          0x00093624       0x10 C:\Program Files/CodeSourcery/Sourcery_CodeBench_Lite_for_ARM_EABI/arm-none-eabi/lib/thumb2\libc.a(lib_a-sysclose.o)
                0x00093624                close
 .text          0x00093634       0x14 C:\Program Files/CodeSourcery/Sourcery_CodeBench_Lite_for_ARM_EABI/arm-none-eabi/lib/thumb2\libc.a(lib_a-sysfstat.o)
                0x00093634                fstat
 .text          0x00093648       0x2c C:\Program Files/CodeSourcery/Sourcery_CodeBench_Lite_for_ARM_EABI/arm-none-eabi/lib/thumb2\libc.a(lib_a-sysopen.o)
                0x00093648                open
 .text          0x00093674       0x1c C:\Program Files/CodeSourcery/Sourcery_CodeBench_Lite_for_ARM_EABI/arm-none-eabi/lib/thumb2\libc.a(lib_a-sysread.o)
                0x00093674                read
 .text          0x00093690       0x60 C:\Program Files/CodeSourcery/Sourcery_CodeBench_Lite_for_ARM_EABI/arm-none-eabi/lib/thumb2\libc.a(lib_a-callocr.o)
                0x00093690                _calloc_r
 .text          0x000936f0       0x28 C:\Program Files/CodeSourcery/Sourcery_CodeBench_Lite_for_ARM_EABI/arm-none-eabi/lib/thumb2\libc.a(lib_a-closer.o)
                0x000936f0                _close_r
 .text          0x00093718       0x28 C:\Program Files/CodeSourcery/Sourcery_CodeBench_Lite_for_ARM_EABI/arm-none-eabi/lib/thumb2\libc.a(lib_a-fstatr.o)
                0x00093718                _fstat_r
 .text          0x00093740       0xcc C:\Program Files/CodeSourcery/Sourcery_CodeBench_Lite_for_ARM_EABI/arm-none-eabi/lib/thumb2\libc.a(lib_a-memmove.o)
                0x00093740                memmove
 .text          0x0009380c       0x2c C:\Program Files/CodeSourcery/Sourcery_CodeBench_Lite_for_ARM_EABI/arm-none-eabi/lib/thumb2\libc.a(lib_a-openr.o)
                0x0009380c                _open_r
 .text          0x00093838       0x2c C:\Program Files/CodeSourcery/Sourcery_CodeBench_Lite_for_ARM_EABI/arm-none-eabi/lib/thumb2\libc.a(lib_a-readr.o)
                0x00093838                _read_r
 .text          0x00093864       0x30 C:\Program Files/CodeSourcery/Sourcery_CodeBench_Lite_for_ARM_EABI/arm-none-eabi/lib/thumb2\libcs3.a(start_c.o)
                0x00093864                __cs3_premain
 .text          0x00093894       0x10 C:\Program Files/CodeSourcery/Sourcery_CodeBench_Lite_for_ARM_EABI/arm-none-eabi/lib/thumb2\libcs3unhosted.a(unhosted-_close.o)
                0x00093894                _close
 .text          0x000938a4       0x10 C:\Program Files/CodeSourcery/Sourcery_CodeBench_Lite_for_ARM_EABI/arm-none-eabi/lib/thumb2\libcs3unhosted.a(unhosted-_fstat.o)
                0x000938a4                _fstat
 .text          0x000938b4       0x18 C:\Program Files/CodeSourcery/Sourcery_CodeBench_Lite_for_ARM_EABI/arm-none-eabi/lib/thumb2\libcs3unhosted.a(unhosted-_open.o)
                0x000938b4                _open
 .text          0x000938cc       0x10 C:\Program Files/CodeSourcery/Sourcery_CodeBench_Lite_for_ARM_EABI/arm-none-eabi/lib/thumb2\libcs3unhosted.a(unhosted-_read.o)
                0x000938cc                _read
 .text          0x000938dc       0x44 C:\Program Files/CodeSourcery/Sourcery_CodeBench_Lite_for_ARM_EABI/arm-none-eabi/lib/thumb2\libcs3unhosted.a(unhosted-sbrk.o)
                0x000938dc                _sbrk
 .text          0x00093920      0x278 C:\Program Files/CodeSourcery/Sourcery_CodeBench_Lite_for_ARM_EABI/lib/gcc/arm-none-eabi/4.7.3/thumb2\libgcc.a(_udivsi3.o)
                0x00093920                __aeabi_uidiv
                0x00093920                __udivsi3
                0x00093b7c                __aeabi_uidivmod
 .text          0x00093b98      0x2b0 C:\Program Files/CodeSourcery/Sourcery_CodeBench_Lite_for_ARM_EABI/lib/gcc/arm-none-eabi/4.7.3/thumb2\libgcc.a(_divsi3.o)
                0x00093b98                __divsi3
                0x00093b98                __aeabi_idiv
                0x00093e2c                __aeabi_idivmod
 .text          0x00093e48        0x4 C:\Program Files/CodeSourcery/Sourcery_CodeBench_Lite_for_ARM_EABI/lib/gcc/arm-none-eabi/4.7.3/thumb2\libgcc.a(_dvmd_tls.o)
                0x00093e48                __aeabi_idiv0
                0x00093e48                __aeabi_ldiv0
 .text          0x00093e4c      0x110 C:\Program Files/CodeSourcery/Sourcery_CodeBench_Lite_for_ARM_EABI/lib/gcc/arm-none-eabi/4.7.3/thumb2\libgcc.a(_arm_cmpdf2.o)
                0x00093e4c                __gtdf2
                0x00093e4c                __gedf2
                0x00093e54                __ltdf2
                0x00093e54                __ledf2
                0x00093e5c                __nedf2
                0x00093e5c                __eqdf2
                0x00093e5c                __cmpdf2
                0x00093ed8                __aeabi_cdrcmple
                0x00093ee8                __aeabi_cdcmpeq
                0x00093ee8                __aeabi_cdcmple
                0x00093ef8                __aeabi_dcmpeq
                0x00093f0c                __aeabi_dcmplt
                0x00093f20                __aeabi_dcmple
                0x00093f34                __aeabi_dcmpge
                0x00093f48                __aeabi_dcmpgt
 .text          0x00093f5c       0x50 C:\Program Files/CodeSourcery/Sourcery_CodeBench_Lite_for_ARM_EABI/lib/gcc/arm-none-eabi/4.7.3/thumb2\libgcc.a(_arm_fixdfsi.o)
                0x00093f5c                __aeabi_d2iz
                0x00093f5c                __fixdfsi
 .text          0x00093fac       0x2c C:\Program Files/CodeSourcery/Sourcery_CodeBench_Lite_for_ARM_EABI/lib/gcc/arm-none-eabi/4.7.3/thumb2\libgcc.a(_aeabi_uldivmod.o)
                0x00093fac                __aeabi_uldivmod
 .text          0x00093fd8       0x60 C:\Program Files/CodeSourcery/Sourcery_CodeBench_Lite_for_ARM_EABI/lib/gcc/arm-none-eabi/4.7.3/thumb2\libgcc.a(bpabi.o)
                0x00093fd8                __gnu_ldivmod_helper
                0x00094008                __gnu_uldivmod_helper
 .text          0x00094038      0x36c C:\Program Files/CodeSourcery/Sourcery_CodeBench_Lite_for_ARM_EABI/lib/gcc/arm-none-eabi/4.7.3/thumb2\libgcc.a(_divdi3.o)
                0x00094038                __divdi3
 .text          0x000943a4      0x314 C:\Program Files/CodeSourcery/Sourcery_CodeBench_Lite_for_ARM_EABI/lib/gcc/arm-none-eabi/4.7.3/thumb2\libgcc.a(_udivdi3.o)
                0x000943a4                __udivdi3
 .text          0x000946b8        0xc C:\Program Files/CodeSourcery/Sourcery_CodeBench_Lite_for_ARM_EABI/arm-none-eabi/lib/thumb2\libc.a(lib_a-errno.o)
                0x000946b8                __errno
 .text          0x000946c4       0x58 C:\Program Files/CodeSourcery/Sourcery_CodeBench_Lite_for_ARM_EABI/arm-none-eabi/lib/thumb2\libc.a(lib_a-init.o)
                0x000946c4                __libc_init_array
 *(.plt)
 *(.gnu.warning)
 *(.glue_7t)
 .glue_7t       0x00000000        0x0 linker stubs
 *(.glue_7)
 .glue_7        0x00000000        0x0 linker stubs
 *(.vfp11_veneer)
 .vfp11_veneer  0x00000000        0x0 linker stubs
 *(.ARM.extab* .gnu.linkonce.armextab.*)
 *(.gcc_except_table)

.v4_bx          0x0009471c        0x0
 .v4_bx         0x00000000        0x0 linker stubs

.iplt           0x0009471c        0x0
 .iplt          0x00000000        0x0 c:/program files/codesourcery/sourcery_codebench_lite_for_arm_eabi/bin/../lib/gcc/arm-none-eabi/4.7.3/thumb2/crtbegin.o

.eh_frame_hdr
 *(.eh_frame_hdr)

.eh_frame       0x0009471c        0x4
 *(.eh_frame)
 .eh_frame      0x0009471c        0x0 c:/program files/codesourcery/sourcery_codebench_lite_for_arm_eabi/bin/../lib/gcc/arm-none-eabi/4.7.3/thumb2/crtbegin.o
 .eh_frame      0x0009471c        0x4 c:/program files/codesourcery/sourcery_codebench_lite_for_arm_eabi/bin/../lib/gcc/arm-none-eabi/4.7.3/thumb2/crtend.o
                0x00094720                PROVIDE (__exidx_start, .)

.ARM.exidx      0x00094720        0x8
 *(.ARM.exidx* .gnu.linkonce.armexidx.*)
 .ARM.exidx     0x00094720        0x8 C:\Program Files/CodeSourcery/Sourcery_CodeBench_Lite_for_ARM_EABI/lib/gcc/arm-none-eabi/4.7.3/thumb2\libgcc.a(_divdi3.o)
 .ARM.exidx     0x00094728        0x0 C:\Program Files/CodeSourcery/Sourcery_CodeBench_Lite_for_ARM_EABI/lib/gcc/arm-none-eabi/4.7.3/thumb2\libgcc.a(_udivdi3.o)
                                  0x8 (size before relaxing)
                0x00094728                PROVIDE (__exidx_end, .)

.rel.dyn        0x00094728        0x0
 .rel.iplt      0x00000000        0x0 c:/program files/codesourcery/sourcery_codebench_lite_for_arm_eabi/bin/../lib/gcc/arm-none-eabi/4.7.3/thumb2/crtbegin.o

.rodata         0x00094728     0x1008
 *(.rodata .rodata.* .gnu.linkonce.r.*)
 .rodata        0x00094728       0x28 build/em_system.o
 .rodata        0x00094750       0x24 build/em_adc.o
 .rodata        0x00094774       0x24 build/em_cmu.o
 .rodata        0x00094798       0x24 build/em_dma.o
 .rodata        0x000947bc       0x24 build/em_gpio.o
 .rodata.i2cNSum
                0x000947e0        0x4 build/em_i2c.o
 .rodata        0x000947e4       0x24 build/em_i2c.o
 .rodata        0x00094808       0x24 build/em_rtc.o
 .rodata        0x0009482c       0x28 build/em_usart.o
 .rodata        0x00094854       0x18 build/bsp_uart.o
 .rodata        0x0009486c        0x4 build/bsp_rtc.o
 .rodata        0x00094870       0x30 build/bsp_wdg.o
 .rodata        0x000948a0       0x10 build/bsp_i2c.o
 .rodata        0x000948b0       0x24 build/bsp_ebi.o
 .rodata        0x000948d4       0x44 build/ff.o
 .rodata        0x00094918       0x18 build/microsd.o
 .rodata        0x00094930        0x8 build/tasks.o
 .rodata.ucExpectedStackBytes.5187
                0x00094938       0x14 build/tasks.o
 .rodata        0x0009494c        0x8 build/timers.o
 .rodata.heapSTRUCT_SIZE
                0x00094954        0x2 build/heap_4.o
 *fill*         0x00094956        0x2 
 .rodata.xTotalHeapSize
                0x00094958        0x4 build/heap_4.o
 .rodata        0x0009495c       0x64 build/fsw_adcs.o
 .rodata        0x000949c0       0x2c build/fsw_cdh.o
 .rodata        0x000949ec        0xc build/fsw_comm.o
 .rodata        0x000949f8       0xbc build/fsw_filesystem.o
 .rodata        0x00094ab4       0xc8 build/fsw_healthandhousekeeping.o
 .rodata        0x00094b7c       0x10 build/fsw_payload.o
 .rodata        0x00094b8c       0x60 build/fsw_power.o
 .rodata.state_table
                0x00094bec       0x50 build/fsw_modes.o
                0x00094bec                state_table
 .rodata        0x00094c3c       0x24 build/fsw_modes.o
 .rodata        0x00094c60       0xac build/z_HILcomm.o
 .rodata        0x00094d0c       0x24 build/background.o
 .rodata        0x00094d30       0x28 build/comms.o
 .rodata        0x00094d58      0x368 build/tests.o
 .rodata        0x000950c0       0x28 build/main.o
 .rodata.str1.4
                0x000950e8        0x2 C:\Program Files/CodeSourcery/Sourcery_CodeBench_Lite_for_ARM_EABI/arm-none-eabi/lib/thumb2\libc.a(lib_a-impure.o)
                                  0x4 (size before relaxing)
 *fill*         0x000950ea        0x2 
 .rodata        0x000950ec       0x68 C:\Program Files/CodeSourcery/Sourcery_CodeBench_Lite_for_ARM_EABI/arm-none-eabi/lib/thumb2\libc.a(lib_a-mktm_r.o)
 .rodata.str1.4
                0x00095154       0x74 C:\Program Files/CodeSourcery/Sourcery_CodeBench_Lite_for_ARM_EABI/arm-none-eabi/lib/thumb2\libc.a(lib_a-strftime.o)
                                 0x78 (size before relaxing)
 .rodata        0x000951c8       0x20 C:\Program Files/CodeSourcery/Sourcery_CodeBench_Lite_for_ARM_EABI/arm-none-eabi/lib/thumb2\libc.a(lib_a-svfprintf.o)
 .rodata.str1.4
                0x000951e8       0x42 C:\Program Files/CodeSourcery/Sourcery_CodeBench_Lite_for_ARM_EABI/arm-none-eabi/lib/thumb2\libc.a(lib_a-svfprintf.o)
                                 0x44 (size before relaxing)
 *fill*         0x0009522a        0x2 
 .rodata        0x0009522c       0xfc C:\Program Files/CodeSourcery/Sourcery_CodeBench_Lite_for_ARM_EABI/arm-none-eabi/lib/thumb2\libc.a(lib_a-timelocal.o)
 .rodata.str1.4
                0x00095328      0x160 C:\Program Files/CodeSourcery/Sourcery_CodeBench_Lite_for_ARM_EABI/arm-none-eabi/lib/thumb2\libc.a(lib_a-timelocal.o)
                                0x164 (size before relaxing)
 .rodata.str1.4
                0x00095488        0x4 C:\Program Files/CodeSourcery/Sourcery_CodeBench_Lite_for_ARM_EABI/arm-none-eabi/lib/thumb2\libc.a(lib_a-tzvars.o)
 .rodata        0x0009548c      0x104 C:\Program Files/CodeSourcery/Sourcery_CodeBench_Lite_for_ARM_EABI/arm-none-eabi/lib/thumb2\libc.a(lib_a-ctype_.o)
                0x0009548c                _ctype_
 .rodata.str1.4
                0x00095590       0x10 C:\Program Files/CodeSourcery/Sourcery_CodeBench_Lite_for_ARM_EABI/arm-none-eabi/lib/thumb2\libc.a(lib_a-dtoa.o)
                                 0x14 (size before relaxing)
 .rodata.str1.4
                0x000955a0        0xa C:\Program Files/CodeSourcery/Sourcery_CodeBench_Lite_for_ARM_EABI/arm-none-eabi/lib/thumb2\libc.a(lib_a-ldpart.o)
                                 0x10 (size before relaxing)
 *fill*         0x000955aa        0x2 
 .rodata.str1.4
                0x000955ac        0x4 C:\Program Files/CodeSourcery/Sourcery_CodeBench_Lite_for_ARM_EABI/arm-none-eabi/lib/thumb2\libc.a(lib_a-locale.o)
                                 0x14 (size before relaxing)
 .rodata        0x000955b0      0x128 C:\Program Files/CodeSourcery/Sourcery_CodeBench_Lite_for_ARM_EABI/arm-none-eabi/lib/thumb2\libc.a(lib_a-mprec.o)
                0x000955c0                __mprec_tens
                0x00095688                __mprec_tinytens
                0x000956b0                __mprec_bigtens
 .rodata        0x000956d8       0x20 C:\Program Files/CodeSourcery/Sourcery_CodeBench_Lite_for_ARM_EABI/arm-none-eabi/lib/thumb2\libc.a(lib_a-svfiprintf.o)
 .rodata.str1.4
                0x00000000       0x30 C:\Program Files/CodeSourcery/Sourcery_CodeBench_Lite_for_ARM_EABI/arm-none-eabi/lib/thumb2\libc.a(lib_a-svfiprintf.o)
                0x000956f8                . = ALIGN (0x4)
 *(.init)
 .init          0x000956f8        0x4 c:/program files/codesourcery/sourcery_codebench_lite_for_arm_eabi/bin/../lib/gcc/arm-none-eabi/4.7.3/thumb2/crti.o
                0x000956f8                _init
 .init          0x000956fc        0x8 c:/program files/codesourcery/sourcery_codebench_lite_for_arm_eabi/bin/../lib/gcc/arm-none-eabi/4.7.3/thumb2/crtn.o
                0x00095704                . = ALIGN (0x4)
                0x00095704                __preinit_array_start = .
 *(.preinit_array)
                0x00095704                __preinit_array_end = .
                0x00095704                . = ALIGN (0x4)
                0x00095704                __init_array_start = .
 *(SORT(.init_array.*))
 *(.init_array)
 .init_array    0x00095704        0x4 c:/program files/codesourcery/sourcery_codebench_lite_for_arm_eabi/bin/../lib/gcc/arm-none-eabi/4.7.3/thumb2/crtbegin.o
                0x00095708                __init_array_end = .
                0x00095708                . = ALIGN (0x4)
 *(.fini)
 .fini          0x00095708        0x4 c:/program files/codesourcery/sourcery_codebench_lite_for_arm_eabi/bin/../lib/gcc/arm-none-eabi/4.7.3/thumb2/crti.o
                0x00095708                _fini
 .fini          0x0009570c        0x8 c:/program files/codesourcery/sourcery_codebench_lite_for_arm_eabi/bin/../lib/gcc/arm-none-eabi/4.7.3/thumb2/crtn.o
                0x00095714                . = ALIGN (0x4)
                0x00095714                __fini_array_start = .
 *(.fini_array)
 .fini_array    0x00095714        0x4 c:/program files/codesourcery/sourcery_codebench_lite_for_arm_eabi/bin/../lib/gcc/arm-none-eabi/4.7.3/thumb2/crtbegin.o
 *(SORT(.fini_array.*))
                0x00095718                __fini_array_end = .
                0x00095718                . = ALIGN (0x4)
 *crtbegin.o(.ctors)
 *(EXCLUDE_FILE(*crtend.o) .ctors)
 *(SORT(.ctors.*))
 *crtend.o(.ctors)
                0x00095718                . = ALIGN (0x4)
 *crtbegin.o(.dtors)
 *(EXCLUDE_FILE(*crtend.o) .dtors)
 *(SORT(.dtors.*))
 *crtend.o(.dtors)
                0x00095718                . = ALIGN (0x4)
                0x00095718                __cs3_regions = .
                0x00095718        0x4 LONG 0x0
                0x0009571c        0x4 LONG 0x95730 __cs3_region_init_ram
                0x00095720        0x4 LONG 0x88000000 __cs3_region_start_ram
                0x00095724        0x4 LONG 0x670 __cs3_region_init_size_ram
                0x00095728        0x4 LONG 0x9078 __cs3_region_zero_size_ram
                0x0009572c                __cs3_regions_end = .
                0x00095730                . = ALIGN (0x8)
 *fill*         0x0009572c        0x4 
 *(.rom)
 *(.rom.b .bss.rom)
                0x00095730                _etext = .
                0x00100000                __cs3_region_end_rom = (__cs3_region_start_rom + 0x80000)
                0x00080000                __cs3_region_size_rom = 0x80000

.data           0x88000000      0x670 load address 0x00095730
                0x88000000                __cs3_region_start_ram = .
 *(.cs3.region-head.ram)
 *(.jcr)
 .jcr           0x88000000        0x0 c:/program files/codesourcery/sourcery_codebench_lite_for_arm_eabi/bin/../lib/gcc/arm-none-eabi/4.7.3/thumb2/crtbegin.o
 .jcr           0x88000000        0x4 c:/program files/codesourcery/sourcery_codebench_lite_for_arm_eabi/bin/../lib/gcc/arm-none-eabi/4.7.3/thumb2/crtend.o
 *(.got.plt)
 *(.got)
 *(.shdata)
 *(.data .data.* .gnu.linkonce.d.*)
 .data.SystemHFXOClock
                0x88000004        0x4 build/system_efm32gg.o
 .data.SystemLFXOClock
                0x88000008        0x4 build/system_efm32gg.o
 .data.stat     0x8800000c        0x1 build/diskio.o
 *fill*         0x8800000d        0x3 
 .data.xNextTaskUnblockTime
                0x88000010        0x4 build/tasks.o
 .data.xFreeBytesRemaining
                0x88000014        0x4 build/heap_4.o
 .data.uxCriticalNesting
                0x88000018        0x4 build/port.o
 .data.adcs_H   0x8800001c        0x1 build/fsw_comm.o
                0x8800001c                adcs_H
 .data.cdh_H    0x8800001d        0x1 build/fsw_comm.o
                0x8800001d                cdh_H
 .data.comm_H   0x8800001e        0x1 build/fsw_comm.o
                0x8800001e                comm_H
 .data.handh_H  0x8800001f        0x1 build/fsw_comm.o
                0x8800001f                handh_H
 .data.payload_H
                0x88000020        0x1 build/fsw_comm.o
                0x88000020                payload_H
 .data.power_H  0x88000021        0x1 build/fsw_comm.o
                0x88000021                power_H
 *fill*         0x88000022        0x2 
 .data.cmdString
                0x88000024        0x8 build/fsw_filesystem.o
 .data.errString
                0x8800002c        0x8 build/fsw_filesystem.o
 .data.WODString
                0x88000034        0x8 build/fsw_filesystem.o
 .data.module_strings
                0x8800003c       0x54 build/fsw_filesystem.o
 .data.FSW_MODES_mode
                0x88000090        0x1 build/fsw_modes.o
 *fill*         0x88000091        0x3 
 .data          0x88000094       0xf4 C:\Program Files/CodeSourcery/Sourcery_CodeBench_Lite_for_ARM_EABI/arm-none-eabi/lib/thumb2\libc.a(lib_a-impure.o)
                0x88000094                _impure_ptr
 .data          0x88000188      0x410 C:\Program Files/CodeSourcery/Sourcery_CodeBench_Lite_for_ARM_EABI/arm-none-eabi/lib/thumb2\libc.a(lib_a-mallocr.o)
                0x88000188                __malloc_av_
                0x88000590                __malloc_sbrk_base
                0x88000594                __malloc_trim_threshold
 .data          0x88000598        0x8 C:\Program Files/CodeSourcery/Sourcery_CodeBench_Lite_for_ARM_EABI/arm-none-eabi/lib/thumb2\libc.a(lib_a-tzvars.o)
                0x88000598                _tzname
 .data          0x880005a0        0x4 C:\Program Files/CodeSourcery/Sourcery_CodeBench_Lite_for_ARM_EABI/arm-none-eabi/lib/thumb2\libc.a(lib_a-ctype_.o)
                0x880005a0                __ctype_ptr__
 .data          0x880005a4       0x40 C:\Program Files/CodeSourcery/Sourcery_CodeBench_Lite_for_ARM_EABI/arm-none-eabi/lib/thumb2\libc.a(lib_a-gettzinfo.o)
 .data          0x880005e4        0x4 C:\Program Files/CodeSourcery/Sourcery_CodeBench_Lite_for_ARM_EABI/arm-none-eabi/lib/thumb2\libc.a(lib_a-ldpart.o)
 .data          0x880005e8       0x7c C:\Program Files/CodeSourcery/Sourcery_CodeBench_Lite_for_ARM_EABI/arm-none-eabi/lib/thumb2\libc.a(lib_a-locale.o)
                0x88000608                __mb_cur_max
 .data          0x88000664        0x4 C:\Program Files/CodeSourcery/Sourcery_CodeBench_Lite_for_ARM_EABI/arm-none-eabi/lib/thumb2\libcs3unhosted.a(unhosted-sbrk.o)
 .data          0x88000668        0x4 C:\Program Files/CodeSourcery/Sourcery_CodeBench_Lite_for_ARM_EABI/arm-none-eabi/lib/thumb2\libcs3.a(heap.o)
                0x88000668                __cs3_heap_limit
                0x88000670                . = ALIGN (0x8)
 *fill*         0x8800066c        0x4 
 *(.ram)
                0x88000670                . = ALIGN (0x8)
                0x88000670                _edata = .

.tm_clone_table
                0x88000670        0x0 load address 0x00095da0
 .tm_clone_table
                0x88000670        0x0 c:/program files/codesourcery/sourcery_codebench_lite_for_arm_eabi/bin/../lib/gcc/arm-none-eabi/4.7.3/thumb2/crtbegin.o
 .tm_clone_table
                0x88000670        0x0 c:/program files/codesourcery/sourcery_codebench_lite_for_arm_eabi/bin/../lib/gcc/arm-none-eabi/4.7.3/thumb2/crtend.o

.igot.plt       0x88000670        0x0 load address 0x00095da0
 .igot.plt      0x00000000        0x0 c:/program files/codesourcery/sourcery_codebench_lite_for_arm_eabi/bin/../lib/gcc/arm-none-eabi/4.7.3/thumb2/crtbegin.o

.bss            0x88000700     0x8fe8 load address 0x00095e00
 *(.shbss)
 *(.bss .bss.* .gnu.linkonce.b.*)
 .bss           0x88000700       0x1c c:/program files/codesourcery/sourcery_codebench_lite_for_arm_eabi/bin/../lib/gcc/arm-none-eabi/4.7.3/thumb2/crtbegin.o
 .bss.cmuStatus
                0x8800071c        0x2 build/em_emu.o
 *fill*         0x8800071e        0x2 
 .bss.FatFs     0x88000720        0x4 build/ff.o
 .bss.Fsid      0x88000724        0x2 build/ff.o
 .bss.CurrVol   0x88000726        0x1 build/ff.o
 *fill*         0x88000727        0x1 
 .bss.CardType  0x88000728        0x2 build/diskio.o
 *fill*         0x8800072a        0x2 
 .bss.timeOut   0x8800072c        0x4 build/microsd.o
 .bss.xfersPrMsec
                0x88000730        0x4 build/microsd.o
 .bss.pxCurrentTCB
                0x88000734        0x4 build/tasks.o
                0x88000734                pxCurrentTCB
 .bss.pxReadyTasksLists
                0x88000738       0x50 build/tasks.o
 .bss.xDelayedTaskList1
                0x88000788       0x14 build/tasks.o
 .bss.xDelayedTaskList2
                0x8800079c       0x14 build/tasks.o
 .bss.pxDelayedTaskList
                0x880007b0        0x4 build/tasks.o
 .bss.pxOverflowDelayedTaskList
                0x880007b4        0x4 build/tasks.o
 .bss.xPendingReadyList
                0x880007b8       0x14 build/tasks.o
 .bss.xTasksWaitingTermination
                0x880007cc       0x14 build/tasks.o
 .bss.uxTasksDeleted
                0x880007e0        0x4 build/tasks.o
 .bss.xSuspendedTaskList
                0x880007e4       0x14 build/tasks.o
 .bss.uxCurrentNumberOfTasks
                0x880007f8        0x4 build/tasks.o
 .bss.xTickCount
                0x880007fc        0x4 build/tasks.o
 .bss.uxTopReadyPriority
                0x88000800        0x4 build/tasks.o
 .bss.xSchedulerRunning
                0x88000804        0x4 build/tasks.o
 .bss.uxSchedulerSuspended
                0x88000808        0x4 build/tasks.o
 .bss.uxPendedTicks
                0x8800080c        0x4 build/tasks.o
 .bss.xYieldPending
                0x88000810        0x4 build/tasks.o
 .bss.xNumOfOverflows
                0x88000814        0x4 build/tasks.o
 .bss.uxTaskNumber
                0x88000818        0x4 build/tasks.o
 .bss.xActiveTimerList1
                0x8800081c       0x14 build/timers.o
 .bss.xActiveTimerList2
                0x88000830       0x14 build/timers.o
 .bss.pxCurrentTimerList
                0x88000844        0x4 build/timers.o
 .bss.pxOverflowTimerList
                0x88000848        0x4 build/timers.o
 .bss.xTimerQueue
                0x8800084c        0x4 build/timers.o
 .bss.xLastTime.5066
                0x88000850        0x4 build/timers.o
 .bss.ucHeap    0x88000854     0x8000 build/heap_4.o
 .bss.xStart    0x88008854        0x8 build/heap_4.o
 .bss.pxEnd     0x8800885c        0x4 build/heap_4.o
 .bss.xBlockAllocatedBit
                0x88008860        0x4 build/heap_4.o
 .bss.FSW_ADCS_mode
                0x88008864        0x1 build/fsw_adcs.o
 .bss.FSW_ADCS_MSV
                0x88008865        0x1 build/fsw_adcs.o
 .bss.FSW_CDH_MSV
                0x88008866        0x1 build/fsw_cdh.o
 .bss.FSW_CDH_mode
                0x88008867        0x1 build/fsw_cdh.o
 .bss.FSW_COMM_MSV
                0x88008868        0x1 build/fsw_comm.o
 .bss.FSW_COMM_mode
                0x88008869        0x1 build/fsw_comm.o
 *fill*         0x8800886a        0x2 
 .bss.FSW_transceiver_queue
                0x8800886c        0x4 build/fsw_comm.o
 .bss.FSW_FS_MSV
                0x88008870        0x1 build/fsw_filesystem.o
 .bss.FSW_FS_mode
                0x88008871        0x1 build/fsw_filesystem.o
 *fill*         0x88008872        0x2 
 .bss.index_errlog
                0x88008874        0x4 build/fsw_filesystem.o
                0x88008874                index_errlog
 .bss.index_cmdlog
                0x88008878        0x4 build/fsw_filesystem.o
                0x88008878                index_cmdlog
 .bss.err_logPath
                0x8800887c       0x20 build/fsw_filesystem.o
                0x8800887c                err_logPath
 .bss.cmd_logPath
                0x8800889c       0x20 build/fsw_filesystem.o
                0x8800889c                cmd_logPath
 .bss.IncrementOBCTime_handle
                0x880088bc        0x4 build/fsw_healthandhousekeeping.o
 .bss.FSW_HANDH_MSV
                0x880088c0        0x1 build/fsw_healthandhousekeeping.o
 .bss.FSW_HANDH_mode
                0x880088c1        0x1 build/fsw_healthandhousekeeping.o
 .bss.FSW_PAYLOAD_MSV
                0x880088c2        0x1 build/fsw_payload.o
 .bss.FSW_PAYLOAD_mode
                0x880088c3        0x1 build/fsw_payload.o
 .bss.FSW_POWER_MSV
                0x880088c4        0x1 build/fsw_power.o
 .bss.FSW_POWER_mode
                0x880088c5        0x1 build/fsw_power.o
 .bss.FSW_MODES_MSV
                0x880088c6        0x1 build/fsw_modes.o
 *fill*         0x880088c7        0x1 
 .bss.sec       0x880088c8        0x4 build/background.o
                0x880088c8                sec
 .bss.msec      0x880088cc        0x2 build/background.o
                0x880088cc                msec
 *fill*         0x880088ce        0x2 
 .bss.singleErrors
                0x880088d0        0x4 build/background.o
                0x880088d0                singleErrors
 .bss.doubleErrors
                0x880088d4        0x4 build/background.o
                0x880088d4                doubleErrors
 .bss.multiErrors
                0x880088d8        0x4 build/background.o
                0x880088d8                multiErrors
 .bss           0x880088dc       0x34 C:\Program Files/CodeSourcery/Sourcery_CodeBench_Lite_for_ARM_EABI/arm-none-eabi/lib/thumb2\libc.a(lib_a-mallocr.o)
                0x880088dc                __malloc_top_pad
                0x880088e0                __malloc_current_mallinfo
                0x88008908                __malloc_max_sbrked_mem
                0x8800890c                __malloc_max_total_mem
 .bss           0x88008910      0x104 C:\Program Files/CodeSourcery/Sourcery_CodeBench_Lite_for_ARM_EABI/arm-none-eabi/lib/thumb2\libc.a(lib_a-timelocal.o)
 .bss           0x88008a14        0x8 C:\Program Files/CodeSourcery/Sourcery_CodeBench_Lite_for_ARM_EABI/arm-none-eabi/lib/thumb2\libc.a(lib_a-tzvars.o)
                0x88008a14                _timezone
                0x88008a18                _daylight
 .bss           0x88008a1c        0x4 C:\Program Files/CodeSourcery/Sourcery_CodeBench_Lite_for_ARM_EABI/arm-none-eabi/lib/thumb2\libc.a(lib_a-ldpart.o)
 .bss           0x88008a20        0xc C:\Program Files/CodeSourcery/Sourcery_CodeBench_Lite_for_ARM_EABI/arm-none-eabi/lib/thumb2\libc.a(lib_a-locale.o)
                0x88008a20                _PathLocale
                0x88008a24                __mlocale_changed
                0x88008a28                __nlocale_changed
 *(COMMON)
 COMMON         0x88008a2c        0x4 build/system_efm32gg.o
                0x88008a2c                SystemCoreClock
 COMMON         0x88008a30       0x98 build/bsp_uart.o
                0x88008a30                OBC_time
                0x88008a34                new_event
                0x88008a38                FSW_HANDH_DATAqueue
                0x88008a3c                current_state
                0x88008a40                sim_Data
                0x88008a50                FSW_ADCS_CMDqueue
                0x88008a54                FSW_PAYLOAD_CMDqueue
                0x88008a58                FSW_CDH_CMDqueue
                0x88008a5c                FSW_HANDH_CMDqueue
                0x88008a60                FSW_FS_LOGqueue
                0x88008a64                commsErr
                0x88008a68                FSW_COMM_CMDqueue
                0x88008a6c                debugTxInProgress
                0x88008a70                log_entry
                0x88008a78                FSW_FS_CMDqueue
                0x88008a7c                FSW_CDH_DIARYqueue
                0x88008a80                uartTxBuffer
                0x88008ac0                FSW_POWER_CMDqueue
                0x88008ac4                FSW_MODES_CMDqueue
 COMMON         0x88008ac8        0x2 build/bsp_wdg.o
                0x88008ac8                internal
                0x88008ac9                external
 *fill*         0x88008aca        0x2 
 COMMON         0x88008acc       0x1c build/bsp_adc.o
                0x88008acc                isSingleComplete
                0x88008ad0                adc0_temp0Read1V25
                0x88008ad4                isScanComplete
                0x88008ad8                adcData
                0x88008ae4                adc0_calTemp0
 *fill*         0x88008ae8       0x18 
 COMMON         0x88008b00      0x280 build/bsp_dma.o
                0x88008b00                cb
                0x88008c00                dmaControlBlock
 COMMON         0x88008d80       0x18 build/fsw_cdh.o
                0x88008d80                tempNode
                0x88008d84                CMDsched_timer
                0x88008d88                rootNode
                0x88008d8c                LinkedListMutex
                0x88008d90                prevNode
                0x88008d94                currentNode
 COMMON         0x88008d98       0x14 build/fsw_comm.o
                0x88008d98                uartState
                0x88008d9c                Poll_UART_Handle
                0x88008da0                adcsError2
                0x88008da4                xLastWakeTime
                0x88008da8                powerState
                0x88008da9                orbitMode
                0x88008daa                adcsError1
                0x88008dab                i2cState
 COMMON         0x88008dac      0x864 build/fsw_filesystem.o
                0x88008dac                Fatfs
                0x88008fe0                File_object
                0x88009204                func_result
                0x88009205                result_sdCard
                0x88009206                numBytestoWrite
                0x88009208                bytes_read
                0x8800920c                read_buffer
                0x8800940c                bytes_written
                0x88009410                write_buffer
 COMMON         0x88009610       0xbd build/comms.o
                0x88009610                uartTxIndex
                0x88009611                tcmdWriteIndex
                0x88009612                tcmdBuffFull
                0x88009613                tcmdReadIndex
                0x88009614                tcmdBuffer
                0x88009644                i2cTxBuffer
                0x88009684                i2cTxIndex
                0x88009686                tcmdCount
                0x88009688                debugStr
                0x880096c8                debugLen
                0x880096c9                uartRxIndex
                0x880096ca                tlmCount
                0x880096cc                i2cRxIndex
 *fill*         0x880096cd        0x3 
 COMMON         0x880096d0        0xd build/main.o
                0x880096d0                printingMutex
                0x880096d4                debugTLM
                0x880096d8                msTicks
                0x880096dc                wdgEnable
 *fill*         0x880096dd        0x3 
 COMMON         0x880096e0        0x4 C:\Program Files/CodeSourcery/Sourcery_CodeBench_Lite_for_ARM_EABI/arm-none-eabi/lib/thumb2\libc.a(lib_a-reent.o)
                0x880096e0                errno
                0x880096e8                . = ALIGN (0x8)
 *fill*         0x880096e4        0x4 
 *(.ram.b .bss.ram)
                0x880096e8                . = ALIGN (0x8)
                0x880096e8                _end = .
                0x880096e8                __end = .
                0x88020000                __cs3_region_end_ram = (__cs3_region_start_ram + 0x20000)
                0x00020000                __cs3_region_size_ram = 0x20000
                0x00095730                __cs3_region_init_ram = LOADADDR (.data)
                0x00000670                __cs3_region_init_size_ram = (_edata - ADDR (.data))
                0x00009078                __cs3_region_zero_size_ram = (_end - _edata)

.stab
 *(.stab)

.stabstr
 *(.stabstr)

.debug
 *(.debug)

.line
 *(.line)

.debug_srcinfo
 *(.debug_srcinfo)

.debug_sfnames
 *(.debug_sfnames)

.debug_aranges  0x00000000     0x1458
 *(.debug_aranges)
 .debug_aranges
                0x00000000       0x60 build/system_efm32gg.o
 .debug_aranges
                0x00000060       0x28 build/em_system.o
 .debug_aranges
                0x00000088       0x58 build/em_adc.o
 .debug_aranges
                0x000000e0       0x20 build/em_assert.o
 .debug_aranges
                0x00000100      0x110 build/em_cmu.o
 .debug_aranges
                0x00000210       0xb0 build/em_dma.o
 .debug_aranges
                0x000002c0       0xe0 build/em_ebi.o
 .debug_aranges
                0x000003a0       0x90 build/em_emu.o
 .debug_aranges
                0x00000430       0x40 build/em_gpio.o
 .debug_aranges
                0x00000470       0x58 build/em_i2c.o
 .debug_aranges
                0x000004c8       0x58 build/em_rtc.o
 .debug_aranges
                0x00000520       0xb8 build/em_usart.o
 .debug_aranges
                0x000005d8       0x40 build/em_wdog.o
 .debug_aranges
                0x00000618       0x60 build/em_acmp.o
 .debug_aranges
                0x00000678       0x50 build/bsp_acmp.o
 .debug_aranges
                0x000006c8       0x80 build/bsp_uart.o
 .debug_aranges
                0x00000748       0x30 build/bsp_rtc.o
 .debug_aranges
                0x00000778       0x40 build/bsp_wdg.o
 .debug_aranges
                0x000007b8       0x70 build/bsp_adc.o
 .debug_aranges
                0x00000828       0x20 build/bsp_dma.o
 .debug_aranges
                0x00000848       0x58 build/bsp_i2c.o
 .debug_aranges
                0x000008a0       0x70 build/bsp_ebi.o
 .debug_aranges
                0x00000910      0x110 build/lld.o
 .debug_aranges
                0x00000a20      0x190 build/ff.o
 .debug_aranges
                0x00000bb0       0x40 build/diskio.o
 .debug_aranges
                0x00000bf0       0x90 build/microsd.o
 .debug_aranges
                0x00000c80       0x40 build/list.o
 .debug_aranges
                0x00000cc0       0xe8 build/queue.o
 .debug_aranges
                0x00000da8      0x138 build/tasks.o
 .debug_aranges
                0x00000ee0       0x88 build/timers.o
 .debug_aranges
                0x00000f68       0x48 build/heap_4.o
 .debug_aranges
                0x00000fb0       0x80 build/port.o
 .debug_aranges
                0x00001030       0x50 build/fsw_adcs.o
 .debug_aranges
                0x00001080       0x58 build/fsw_cdh.o
 .debug_aranges
                0x000010d8       0x38 build/fsw_comm.o
 .debug_aranges
                0x00001110       0x60 build/fsw_filesystem.o
 .debug_aranges
                0x00001170       0xa0 build/fsw_healthandhousekeeping.o
 .debug_aranges
                0x00001210       0x38 build/fsw_payload.o
 .debug_aranges
                0x00001248       0x48 build/fsw_power.o
 .debug_aranges
                0x00001290       0x60 build/fsw_modes.o
 .debug_aranges
                0x000012f0       0x20 build/z_HILcomm.o
 .debug_aranges
                0x00001310       0x40 build/background.o
 .debug_aranges
                0x00001350       0x78 build/comms.o
 .debug_aranges
                0x000013c8       0x40 build/tests.o
 .debug_aranges
                0x00001408       0x50 build/main.o

.debug_pubnames
 *(.debug_pubnames)

.debug_info     0x00000000    0x18ae8
 *(.debug_info .gnu.linkonce.wi.*)
 .debug_info    0x00000000      0x433 build/system_efm32gg.o
 .debug_info    0x00000433      0x23b build/em_system.o
 .debug_info    0x0000066e      0xa37 build/em_adc.o
 .debug_info    0x000010a5       0x7e build/em_assert.o
 .debug_info    0x00001123      0xf6f build/em_cmu.o
 .debug_info    0x00002092     0x121a build/em_dma.o
 .debug_info    0x000032ac     0x10a8 build/em_ebi.o
 .debug_info    0x00004354      0xa9d build/em_emu.o
 .debug_info    0x00004df1      0x4d8 build/em_gpio.o
 .debug_info    0x000052c9      0x7b2 build/em_i2c.o
 .debug_info    0x00005a7b      0x32e build/em_rtc.o
 .debug_info    0x00005da9      0xe38 build/em_usart.o
 .debug_info    0x00006be1      0x30d build/em_wdog.o
 .debug_info    0x00006eee      0x5bd build/em_acmp.o
 .debug_info    0x000074ab      0x7cc build/bsp_acmp.o
 .debug_info    0x00007c77     0x1072 build/bsp_uart.o
 .debug_info    0x00008ce9      0x8a7 build/bsp_rtc.o
 .debug_info    0x00009590      0x692 build/bsp_wdg.o
 .debug_info    0x00009c22      0xef9 build/bsp_adc.o
 .debug_info    0x0000ab1b      0x24e build/bsp_dma.o
 .debug_info    0x0000ad69      0x96c build/bsp_i2c.o
 .debug_info    0x0000b6d5      0xd64 build/bsp_ebi.o
 .debug_info    0x0000c439      0x9f0 build/lld.o
 .debug_info    0x0000ce29     0x1c32 build/ff.o
 .debug_info    0x0000ea5b      0x342 build/diskio.o
 .debug_info    0x0000ed9d      0xa8b build/microsd.o
 .debug_info    0x0000f828      0x2ae build/list.o
 .debug_info    0x0000fad6      0xba1 build/queue.o
 .debug_info    0x00010677      0xe84 build/tasks.o
 .debug_info    0x000114fb      0x766 build/timers.o
 .debug_info    0x00011c61      0x2d0 build/heap_4.o
 .debug_info    0x00011f31      0x20c build/port.o
 .debug_info    0x0001213d      0x606 build/fsw_adcs.o
 .debug_info    0x00012743      0x77a build/fsw_cdh.o
 .debug_info    0x00012ebd      0x71f build/fsw_comm.o
 .debug_info    0x000135dc      0xd2a build/fsw_filesystem.o
 .debug_info    0x00014306      0x95b build/fsw_healthandhousekeeping.o
 .debug_info    0x00014c61      0x5b4 build/fsw_payload.o
 .debug_info    0x00015215      0x5de build/fsw_power.o
 .debug_info    0x000157f3      0x55b build/fsw_modes.o
 .debug_info    0x00015d4e      0x3c9 build/z_HILcomm.o
 .debug_info    0x00016117      0x7d7 build/background.o
 .debug_info    0x000168ee      0xc7b build/comms.o
 .debug_info    0x00017569      0xb1a build/tests.o
 .debug_info    0x00018083      0xa65 build/main.o

.debug_abbrev   0x00000000     0x481e
 *(.debug_abbrev)
 .debug_abbrev  0x00000000      0x1aa build/system_efm32gg.o
 .debug_abbrev  0x000001aa       0xf2 build/em_system.o
 .debug_abbrev  0x0000029c      0x1cb build/em_adc.o
 .debug_abbrev  0x00000467       0x68 build/em_assert.o
 .debug_abbrev  0x000004cf      0x2e9 build/em_cmu.o
 .debug_abbrev  0x000007b8      0x224 build/em_dma.o
 .debug_abbrev  0x000009dc      0x1dc build/em_ebi.o
 .debug_abbrev  0x00000bb8      0x247 build/em_emu.o
 .debug_abbrev  0x00000dff      0x123 build/em_gpio.o
 .debug_abbrev  0x00000f22      0x1fd build/em_i2c.o
 .debug_abbrev  0x0000111f      0x19b build/em_rtc.o
 .debug_abbrev  0x000012ba      0x1d9 build/em_usart.o
 .debug_abbrev  0x00001493      0x143 build/em_wdog.o
 .debug_abbrev  0x000015d6      0x147 build/em_acmp.o
 .debug_abbrev  0x0000171d      0x166 build/bsp_acmp.o
 .debug_abbrev  0x00001883      0x23b build/bsp_uart.o
 .debug_abbrev  0x00001abe      0x18b build/bsp_rtc.o
 .debug_abbrev  0x00001c49      0x150 build/bsp_wdg.o
 .debug_abbrev  0x00001d99      0x24a build/bsp_adc.o
 .debug_abbrev  0x00001fe3      0x131 build/bsp_dma.o
 .debug_abbrev  0x00002114      0x191 build/bsp_i2c.o
 .debug_abbrev  0x000022a5      0x1df build/bsp_ebi.o
 .debug_abbrev  0x00002484      0x15e build/lld.o
 .debug_abbrev  0x000025e2      0x1b8 build/ff.o
 .debug_abbrev  0x0000279a      0x107 build/diskio.o
 .debug_abbrev  0x000028a1      0x24f build/microsd.o
 .debug_abbrev  0x00002af0       0xc3 build/list.o
 .debug_abbrev  0x00002bb3      0x19a build/queue.o
 .debug_abbrev  0x00002d4d      0x20e build/tasks.o
 .debug_abbrev  0x00002f5b      0x173 build/timers.o
 .debug_abbrev  0x000030ce      0x16c build/heap_4.o
 .debug_abbrev  0x0000323a      0x151 build/port.o
 .debug_abbrev  0x0000338b      0x144 build/fsw_adcs.o
 .debug_abbrev  0x000034cf      0x1c6 build/fsw_cdh.o
 .debug_abbrev  0x00003695      0x162 build/fsw_comm.o
 .debug_abbrev  0x000037f7      0x203 build/fsw_filesystem.o
 .debug_abbrev  0x000039fa      0x1db build/fsw_healthandhousekeeping.o
 .debug_abbrev  0x00003bd5      0x144 build/fsw_payload.o
 .debug_abbrev  0x00003d19      0x144 build/fsw_power.o
 .debug_abbrev  0x00003e5d      0x170 build/fsw_modes.o
 .debug_abbrev  0x00003fcd       0xea build/z_HILcomm.o
 .debug_abbrev  0x000040b7      0x184 build/background.o
 .debug_abbrev  0x0000423b      0x23f build/comms.o
 .debug_abbrev  0x0000447a      0x1ab build/tests.o
 .debug_abbrev  0x00004625      0x1f9 build/main.o

.debug_line     0x00000000    0x19732
 *(.debug_line)
 .debug_line    0x00000000      0x5f9 build/system_efm32gg.o
 .debug_line    0x000005f9      0x596 build/em_system.o
 .debug_line    0x00000b8f      0x6be build/em_adc.o
 .debug_line    0x0000124d       0x83 build/em_assert.o
 .debug_line    0x000012d0      0xb04 build/em_cmu.o
 .debug_line    0x00001dd4      0xab1 build/em_dma.o
 .debug_line    0x00002885      0xa06 build/em_ebi.o
 .debug_line    0x0000328b      0x739 build/em_emu.o
 .debug_line    0x000039c4      0x617 build/em_gpio.o
 .debug_line    0x00003fdb      0x763 build/em_i2c.o